 soundstretch_x64

 Timestamp is 5e32a048 (Thu Jan 30 09:22:16 2020)

 Preferred load address is 0000000140000000

 Start         Length     Name                   Class
 0001:00000000 00000070H .text$di                CODE
 0001:00000070 00037270H .text$mn                CODE
 0001:000372e0 00000020H .text$mn$00             CODE
 0001:00037300 00000d30H .text$x                 CODE
 0001:00038030 000000fcH .text$yd                CODE
 0002:00000000 00000280H .idata$5                DATA
 0002:00000280 00000010H .00cfg                  DATA
 0002:00000290 00000008H .CRT$XCA                DATA
 0002:00000298 00000008H .CRT$XCAA               DATA
 0002:000002a0 00000018H .CRT$XCC                DATA
 0002:000002b8 00000010H .CRT$XCL                DATA
 0002:000002c8 00000008H .CRT$XCZ                DATA
 0002:000002d0 00000008H .CRT$XIA                DATA
 0002:000002d8 00000008H .CRT$XIAA               DATA
 0002:000002e0 00000008H .CRT$XIAC               DATA
 0002:000002e8 00000028H .CRT$XIC                DATA
 0002:00000310 00000008H .CRT$XIZ                DATA
 0002:00000318 00000008H .CRT$XPA                DATA
 0002:00000320 00000010H .CRT$XPX                DATA
 0002:00000330 00000008H .CRT$XPXA               DATA
 0002:00000338 00000008H .CRT$XPZ                DATA
 0002:00000340 00000008H .CRT$XTA                DATA
 0002:00000348 00000008H .CRT$XTZ                DATA
 0002:00000350 00000000H .gfids$y                DATA
 0002:00000350 00011ec0H .rdata                  DATA
 0002:00012210 00001a14H .rdata$r                DATA
 0002:00013c24 00000344H .rdata$zzzdbg           DATA
 0002:00013f68 00000008H .rtc$IAA                DATA
 0002:00013f70 00000008H .rtc$IZZ                DATA
 0002:00013f78 00000008H .rtc$TAA                DATA
 0002:00013f80 00000010H .rtc$TZZ                DATA
 0002:00013f90 00003458H .xdata                  DATA
 0002:000173e8 000003ccH .xdata$x                DATA
 0002:000177b4 00000000H .edata                  DATA
 0002:000177b4 00000014H .idata$2                DATA
 0002:000177c8 00000018H .idata$3                DATA
 0002:000177e0 00000280H .idata$4                DATA
 0002:00017a60 000005c6H .idata$6                DATA
 0003:00000000 00000b20H .data                   DATA
 0003:00000b20 00000a00H .data$r                 DATA
 0003:00001520 00001838H .bss                    DATA
 0004:00000000 00002ebcH .pdata                  DATA
 0005:00000000 000111a4H _RDATA                  DATA
 0006:00000000 00000060H .rsrc$01                DATA
 0006:00000060 00000180H .rsrc$02                DATA

  Address         Publics by Value              Rva+Base               Lib:Object

 0000:00000000       __guard_fids_count         0000000000000000     <absolute>
 0000:00000000       __guard_longjmp_count      0000000000000000     <absolute>
 0000:00000000       __hybrid_code_map          0000000000000000     <absolute>
 0000:00000000       __guard_iat_count          0000000000000000     <absolute>
 0000:00000000       __guard_longjmp_table      0000000000000000     <absolute>
 0000:00000000       __volatile_metadata        0000000000000000     <absolute>
 0000:00000000       __guard_iat_table          0000000000000000     <absolute>
 0000:00000000       __hybrid_code_map_count    0000000000000000     <absolute>
 0000:00000000       __enclave_config           0000000000000000     <absolute>
 0000:00000000       ___safe_se_handler_count   0000000000000000     <absolute>
 0000:00000000       __AbsoluteZero             0000000000000000     <absolute>
 0000:00000000       ___safe_se_handler_table   0000000000000000     <absolute>
 0000:00000000       __guard_fids_table         0000000000000000     <absolute>
 0000:00000000       __hybrid_auxiliary_iat     0000000000000000     <absolute>
 0000:00000000       __dynamic_value_reloc_table 0000000000000000     <absolute>
 0000:00000100       __guard_flags              0000000000000100     <absolute>
 0000:00000000       __ImageBase                0000000140000000     <linker-defined>
 0001:00000770       __local_stdio_printf_options 0000000140001770 f i main.obj
 0001:00000780       fprintf                    0000000140001780 f i main.obj
 0001:000007d0       main                       00000001400017d0 f   main.obj
 0001:00000920       ??$_Reallocate_grow_by@V<lambda_65e615be2a453ca0576c979606f46740>@@PEBD_K@?$basic_string@DU?$char_traits@D@std@@V?$allocator@D@2@@std@@AEAAAEAV01@_KV<lambda_65e615be2a453ca0576c979606f46740>@@PEBD_K@Z 0000000140001920 f i RunParameters.obj
 0001:00000aa0       ??0?$basic_string@DU?$char_traits@D@std@@V?$allocator@D@2@@std@@QEAA@QEBD@Z 0000000140001aa0 f i RunParameters.obj
 0001:00000ae0       ??0RunParameters@@QEAA@HQEBQEBD@Z 0000000140001ae0 f   RunParameters.obj
 0001:00000d10       ??0bad_alloc@std@@QEAA@AEBV01@@Z 0000000140001d10 f i RunParameters.obj
 0001:00000d50       ??0bad_array_new_length@std@@QEAA@AEBV01@@Z 0000000140001d50 f i RunParameters.obj
 0001:00000d90       ??0bad_array_new_length@std@@QEAA@XZ 0000000140001d90 f i RunParameters.obj
 0001:00000dc0       ??0exception@std@@QEAA@AEBV01@@Z 0000000140001dc0 f i RunParameters.obj
 0001:00000e00       ??0runtime_error@std@@QEAA@AEBV01@@Z 0000000140001e00 f i RunParameters.obj
 0001:00000e40       ??0runtime_error@std@@QEAA@PEBD@Z 0000000140001e40 f i RunParameters.obj
 0001:00000e90       ??1?$basic_string@DU?$char_traits@D@std@@V?$allocator@D@2@@std@@QEAA@XZ 0000000140001e90 f i RunParameters.obj
 0001:00000ef0       ??1bad_array_new_length@std@@UEAA@XZ 0000000140001ef0 f i RunParameters.obj
 0001:00000ef0       ??1bad_cast@std@@UEAA@XZ   0000000140001ef0 f i WavFile.obj
 0001:00000ef0       ??1bad_exception@std@@UEAA@XZ 0000000140001ef0 f i libvcruntime:frame.obj
 0001:00000ef0       ??1runtime_error@std@@UEAA@XZ 0000000140001ef0 f i RunParameters.obj
 0001:00000ef0       ??1failure@ios_base@std@@UEAA@XZ 0000000140001ef0 f i WavFile.obj
 0001:00000ef0       ??1length_error@std@@UEAA@XZ 0000000140001ef0 f i libcpmt:xthrow.obj
 0001:00000ef0       ??1out_of_range@std@@UEAA@XZ 0000000140001ef0 f i libcpmt:xthrow.obj
 0001:00000ef0       ??1bad_alloc@std@@UEAA@XZ  0000000140001ef0 f i libcpmt:xthrow.obj
 0001:00000f10       ??Y?$basic_string@DU?$char_traits@D@std@@V?$allocator@D@2@@std@@QEAAAEAV01@AEBV01@@Z 0000000140001f10 f i RunParameters.obj
 0001:00000f30       ??Y?$basic_string@DU?$char_traits@D@std@@V?$allocator@D@2@@std@@QEAAAEAV01@QEBD@Z 0000000140001f30 f i RunParameters.obj
 0001:00000f50       ??_Gexception@std@@UEAAPEAXI@Z 0000000140001f50 f i RunParameters.obj
 0001:00000f50       ??_Eexception@std@@UEAAPEAXI@Z 0000000140001f50 f i RunParameters.obj
 0001:00000f50       ??_Gbad_cast@std@@UEAAPEAXI@Z 0000000140001f50 f i WavFile.obj
 0001:00000f50       ??_Gruntime_error@std@@UEAAPEAXI@Z 0000000140001f50 f i RunParameters.obj
 0001:00000f50       ??_Gbad_array_new_length@std@@UEAAPEAXI@Z 0000000140001f50 f i RunParameters.obj
 0001:00000f50       ??_Glogic_error@std@@UEAAPEAXI@Z 0000000140001f50 f i libcpmt:xthrow.obj
 0001:00000f50       ??_Eout_of_range@std@@UEAAPEAXI@Z 0000000140001f50 f i libcpmt:xthrow.obj
 0001:00000f50       ??_Gout_of_range@std@@UEAAPEAXI@Z 0000000140001f50 f i libcpmt:xthrow.obj
 0001:00000f50       ??_Ebad_exception@std@@UEAAPEAXI@Z 0000000140001f50 f i libvcruntime:frame.obj
 0001:00000f50       ??_Ebad_alloc@std@@UEAAPEAXI@Z 0000000140001f50 f i RunParameters.obj
 0001:00000f50       ??_Eruntime_error@std@@UEAAPEAXI@Z 0000000140001f50 f i RunParameters.obj
 0001:00000f50       ??_Gbad_alloc@std@@UEAAPEAXI@Z 0000000140001f50 f i RunParameters.obj
 0001:00000f50       ??_Glength_error@std@@UEAAPEAXI@Z 0000000140001f50 f i libcpmt:xthrow.obj
 0001:00000f50       ??_Elogic_error@std@@UEAAPEAXI@Z 0000000140001f50 f i libcpmt:xthrow.obj
 0001:00000f50       ??_Ebad_cast@std@@UEAAPEAXI@Z 0000000140001f50 f i WavFile.obj
 0001:00000f50       ??_Ebad_array_new_length@std@@UEAAPEAXI@Z 0000000140001f50 f i RunParameters.obj
 0001:00000f50       ??_Elength_error@std@@UEAAPEAXI@Z 0000000140001f50 f i libcpmt:xthrow.obj
 0001:00000f50       ??_Gbad_exception@std@@UEAAPEAXI@Z 0000000140001f50 f i libvcruntime:frame.obj
 0001:00000fa0       ?_Throw_bad_array_new_length@std@@YAXXZ 0000000140001fa0 f i RunParameters.obj
 0001:00000fa0       ?__scrt_throw_std_bad_array_new_length@@YAXXZ 0000000140001fa0 f i LIBCMT:throw_bad_alloc.obj
 0001:00000fc0       ?_Xlen@?$basic_string@DU?$char_traits@D@std@@V?$allocator@D@2@@std@@CAXXZ 0000000140001fc0 f i RunParameters.obj
 0001:00000fe0       ?_Xran@?$_String_val@U?$_Simple_types@D@std@@@std@@SAXXZ 0000000140001fe0 f i RunParameters.obj
 0001:00001000       ?append@?$basic_string@DU?$char_traits@D@std@@V?$allocator@D@2@@std@@QEAAAEAV12@QEBD_K@Z 0000000140002000 f i RunParameters.obj
 0001:00001090       ?assign@?$basic_string@DU?$char_traits@D@std@@V?$allocator@D@2@@std@@QEAAAEAV12@QEBD_K@Z 0000000140002090 f i RunParameters.obj
 0001:000011f0       ?c_str@?$basic_string@DU?$char_traits@D@std@@V?$allocator@D@2@@std@@QEBAPEBDXZ 00000001400021f0 f i RunParameters.obj
 0001:00001200       ?parseSwitchParam@RunParameters@@AEAAXAEBV?$basic_string@DU?$char_traits@D@std@@V?$allocator@D@2@@std@@@Z 0000000140002200 f   RunParameters.obj
 0001:00001350       ?parseSwitchValue@RunParameters@@AEBAMAEBV?$basic_string@DU?$char_traits@D@std@@V?$allocator@D@2@@std@@@Z 0000000140002350 f   RunParameters.obj
 0001:00001560       ?throwIllegalParamExp@RunParameters@@AEBAXAEBV?$basic_string@DU?$char_traits@D@std@@V?$allocator@D@2@@std@@@Z 0000000140002560 f   RunParameters.obj
 0001:000015f0       ?throwLicense@RunParameters@@AEBAXXZ 00000001400025f0 f   RunParameters.obj
 0001:00001620       ?what@exception@std@@UEBAPEBDXZ 0000000140002620 f i RunParameters.obj
 0001:00001640       ??$?6U?$char_traits@D@std@@@std@@YAAEAV?$basic_ostream@DU?$char_traits@D@std@@@0@AEAV10@PEBD@Z 0000000140002640 f i WavFile.obj
 0001:000018c0       ??$_Immortalize_impl@V_Iostream_error_category@std@@@std@@YAHPEAX0PEAPEAX@Z 00000001400028c0 f i WavFile.obj
 0001:000018e0       ??$_Maklocstr@D@std@@YAPEADPEBDPEADAEBU_Cvtvec@@@Z 00000001400028e0 f i WavFile.obj
 0001:00001950       ??$_Reallocate_grow_by@V<lambda_b986da8d428e4af07c64af60eec09b61>@@_K_KD@?$basic_string@DU?$char_traits@D@std@@V?$allocator@D@2@@std@@AEAAAEAV01@_KV<lambda_b986da8d428e4af07c64af60eec09b61>@@_K2D@Z 0000000140002950 f i WavFile.obj
 0001:00001b00       ??$_Reallocate_grow_by@V<lambda_e1befb086ad3257e3f042a63030725f7>@@_KD@?$basic_string@DU?$char_traits@D@std@@V?$allocator@D@2@@std@@AEAAAEAV01@_KV<lambda_e1befb086ad3257e3f042a63030725f7>@@_KD@Z 0000000140002b00 f i WavFile.obj
 0001:00001c80       ??$use_facet@V?$ctype@D@std@@@std@@YAAEBV?$ctype@D@0@AEBVlocale@0@@Z 0000000140002c80 f i WavFile.obj
 0001:00001d90       ??$use_facet@V?$numpunct@D@std@@@std@@YAAEBV?$numpunct@D@0@AEBVlocale@0@@Z 0000000140002d90 f i WavFile.obj
 0001:00001ea0       ??0?$basic_istream@DU?$char_traits@D@std@@@std@@QEAA@PEAV?$basic_streambuf@DU?$char_traits@D@std@@@1@_N@Z 0000000140002ea0 f i WavFile.obj
 0001:00002060       ??0?$basic_string@DU?$char_traits@D@std@@V?$allocator@D@2@@std@@QEAA@_KD@Z 0000000140003060 f i WavFile.obj
 0001:00002170       ??0?$basic_stringstream@DU?$char_traits@D@std@@V?$allocator@D@2@@std@@QEAA@H@Z 0000000140003170 f i WavFile.obj
 0001:00002300       ??0WavInFile@@QEAA@PEAU_iobuf@@@Z 0000000140003300 f   WavFile.obj
 0001:00002390       ??0WavInFile@@QEAA@PEBD@Z  0000000140003390 f   WavFile.obj
 0001:00002460       ??0WavOutFile@@QEAA@PEAU_iobuf@@HHH@Z 0000000140003460 f   WavFile.obj
 0001:00002570       ??0WavOutFile@@QEAA@PEBDHHH@Z 0000000140003570 f   WavFile.obj
 0001:000026c0       ??0_System_error@std@@IEAA@Verror_code@1@AEBV?$basic_string@DU?$char_traits@D@std@@V?$allocator@D@2@@1@@Z 00000001400036c0 f i WavFile.obj
 0001:00002970       ??0_System_error@std@@QEAA@AEBV01@@Z 0000000140003970 f i WavFile.obj
 0001:000029c0       ??0bad_cast@std@@QEAA@AEBV01@@Z 00000001400039c0 f i WavFile.obj
 0001:00002a00       ??0bad_cast@std@@QEAA@XZ   0000000140003a00 f i WavFile.obj
 0001:00002a30       ??0failure@ios_base@std@@QEAA@AEBV012@@Z 0000000140003a30 f i WavFile.obj
 0001:00002a90       ??0failure@ios_base@std@@QEAA@PEBDAEBVerror_code@2@@Z 0000000140003a90 f i WavFile.obj
 0001:00002b70       ??0sentry@?$basic_ostream@DU?$char_traits@D@std@@@std@@QEAA@AEAV12@@Z 0000000140003b70 f i WavFile.obj
 0001:00002ce0       ??0system_error@std@@QEAA@AEBV01@@Z 0000000140003ce0 f i WavFile.obj
 0001:00002d40       ??1?$_Tidy_guard@V?$numpunct@D@std@@@std@@QEAA@XZ 0000000140003d40 f i WavFile.obj
 0001:00002d80       ??1?$_Yarn@D@std@@QEAA@XZ  0000000140003d80 f i WavFile.obj
 0001:00002d80       ??1?$_Yarn@_W@std@@QEAA@XZ 0000000140003d80 f i WavFile.obj
 0001:00002db0       ??1?$basic_ios@DU?$char_traits@D@std@@@std@@UEAA@XZ 0000000140003db0 f i WavFile.obj
 0001:00002dd0       ??1?$basic_iostream@DU?$char_traits@D@std@@@std@@UEAA@XZ 0000000140003dd0 f i WavFile.obj
 0001:00002e50       ??1?$basic_istream@DU?$char_traits@D@std@@@std@@UEAA@XZ 0000000140003e50 f i WavFile.obj
 0001:00002e80       ??1?$basic_stringbuf@DU?$char_traits@D@std@@V?$allocator@D@2@@std@@UEAA@XZ 0000000140003e80 f i WavFile.obj
 0001:00002f80       ??1?$unique_ptr@V_Facet_base@std@@U?$default_delete@V_Facet_base@std@@@2@@std@@QEAA@XZ 0000000140003f80 f i WavFile.obj
 0001:00002fa0       ??1WavFileBase@@MEAA@XZ    0000000140003fa0 f   WavFile.obj
 0001:00002fd0       ??1_Locinfo@std@@QEAA@XZ   0000000140003fd0 f i WavFile.obj
 0001:00003070       ??1_Sentry_base@?$basic_ostream@DU?$char_traits@D@std@@@std@@QEAA@XZ 0000000140004070 f i WavFile.obj
 0001:000030a0       ??1facet@locale@std@@MEAA@XZ 00000001400040a0 f i WavFile.obj
 0001:000030b0       ??1locale@std@@QEAA@XZ     00000001400040b0 f i WavFile.obj
 0001:000030e0       ??1sentry@?$basic_ostream@DU?$char_traits@D@std@@@std@@QEAA@XZ 00000001400040e0 f i WavFile.obj
 0001:00003120       ??6?$basic_ostream@DU?$char_traits@D@std@@@std@@QEAAAEAV01@H@Z 0000000140004120 f i WavFile.obj
 0001:000033e0       ??_D?$basic_stringstream@DU?$char_traits@D@std@@V?$allocator@D@2@@std@@QEAAXXZ 00000001400043e0 f i WavFile.obj
 0001:000034dc       ??_E?$basic_iostream@DU?$char_traits@D@std@@@std@@$4PPPPPPPM@A@EAAPEAXI@Z 00000001400044dc f i WavFile.obj
 0001:000034e8       ??_E?$basic_istream@DU?$char_traits@D@std@@@std@@$4PPPPPPPM@A@EAAPEAXI@Z 00000001400044e8 f i WavFile.obj
 0001:000034f4       ??_E?$basic_ostream@DU?$char_traits@D@std@@@std@@$4PPPPPPPM@A@EAAPEAXI@Z 00000001400044f4 f i WavFile.obj
 0001:00003500       ??_E?$basic_stringstream@DU?$char_traits@D@std@@V?$allocator@D@2@@std@@$4PPPPPPPM@A@EAAPEAXI@Z 0000000140004500 f i WavFile.obj
 0001:00003510       ??_G?$basic_ios@DU?$char_traits@D@std@@@std@@UEAAPEAXI@Z 0000000140004510 f i WavFile.obj
 0001:00003510       ??_E?$basic_ios@DU?$char_traits@D@std@@@std@@UEAAPEAXI@Z 0000000140004510 f i WavFile.obj
 0001:00003550       ??_E?$basic_iostream@DU?$char_traits@D@std@@@std@@UEAAPEAXI@Z 0000000140004550 f i WavFile.obj
 0001:00003550       ??_G?$basic_iostream@DU?$char_traits@D@std@@@std@@UEAAPEAXI@Z 0000000140004550 f i WavFile.obj
 0001:00003600       ??_G?$basic_istream@DU?$char_traits@D@std@@@std@@UEAAPEAXI@Z 0000000140004600 f i WavFile.obj
 0001:00003600       ??_E?$basic_istream@DU?$char_traits@D@std@@@std@@UEAAPEAXI@Z 0000000140004600 f i WavFile.obj
 0001:00003670       ??_G?$basic_ostream@DU?$char_traits@D@std@@@std@@UEAAPEAXI@Z 0000000140004670 f i WavFile.obj
 0001:00003670       ??_E?$basic_ostream@DU?$char_traits@D@std@@@std@@UEAAPEAXI@Z 0000000140004670 f i WavFile.obj
 0001:000036e0       ??_G?$basic_streambuf@DU?$char_traits@D@std@@@std@@UEAAPEAXI@Z 00000001400046e0 f i WavFile.obj
 0001:000036e0       ??_E?$basic_streambuf@DU?$char_traits@D@std@@@std@@UEAAPEAXI@Z 00000001400046e0 f i WavFile.obj
 0001:00003760       ??_E?$basic_stringbuf@DU?$char_traits@D@std@@V?$allocator@D@2@@std@@UEAAPEAXI@Z 0000000140004760 f i WavFile.obj
 0001:00003760       ??_G?$basic_stringbuf@DU?$char_traits@D@std@@V?$allocator@D@2@@std@@UEAAPEAXI@Z 0000000140004760 f i WavFile.obj
 0001:000037a0       ??_G?$basic_stringstream@DU?$char_traits@D@std@@V?$allocator@D@2@@std@@UEAAPEAXI@Z 00000001400047a0 f i WavFile.obj
 0001:000037a0       ??_E?$basic_stringstream@DU?$char_traits@D@std@@V?$allocator@D@2@@std@@UEAAPEAXI@Z 00000001400047a0 f i WavFile.obj
 0001:000037e0       ??_E?$ctype@D@std@@MEAAPEAXI@Z 00000001400047e0 f i WavFile.obj
 0001:000037e0       ??_G?$ctype@D@std@@MEAAPEAXI@Z 00000001400047e0 f i WavFile.obj
 0001:00003850       ??_G?$num_put@DV?$ostreambuf_iterator@DU?$char_traits@D@std@@@std@@@std@@MEAAPEAXI@Z 0000000140004850 f i WavFile.obj
 0001:00003850       ??_E?$num_put@DV?$ostreambuf_iterator@DU?$char_traits@D@std@@@std@@@std@@MEAAPEAXI@Z 0000000140004850 f i WavFile.obj
 0001:00003880       ??_E?$numpunct@D@std@@MEAAPEAXI@Z 0000000140004880 f i WavFile.obj
 0001:00003880       ??_G?$numpunct@D@std@@MEAAPEAXI@Z 0000000140004880 f i WavFile.obj
 0001:000038e0       ??_EWavFileBase@@MEAAPEAXI@Z 00000001400048e0 f i WavFile.obj
 0001:000038e0       ??_GWavFileBase@@MEAAPEAXI@Z 00000001400048e0 f i WavFile.obj
 0001:00003930       ??_GWavInFile@@UEAAPEAXI@Z 0000000140004930 f i WavFile.obj
 0001:00003930       ??_EWavInFile@@UEAAPEAXI@Z 0000000140004930 f i WavFile.obj
 0001:000039a0       ??_GWavOutFile@@UEAAPEAXI@Z 00000001400049a0 f i WavFile.obj
 0001:000039a0       ??_EWavOutFile@@UEAAPEAXI@Z 00000001400049a0 f i WavFile.obj
 0001:00003a30       ??_G_Facet_base@std@@UEAAPEAXI@Z 0000000140004a30 f i WavFile.obj
 0001:00003a30       ??_E_Facet_base@std@@UEAAPEAXI@Z 0000000140004a30 f i WavFile.obj
 0001:00003a60       ??_E_Iostream_error_category@std@@UEAAPEAXI@Z 0000000140004a60 f i WavFile.obj
 0001:00003a60       ??_G_Iostream_error_category@std@@UEAAPEAXI@Z 0000000140004a60 f i WavFile.obj
 0001:00003a90       ??_G_System_error@std@@UEAAPEAXI@Z 0000000140004a90 f i WavFile.obj
 0001:00003a90       ??_Gfailure@ios_base@std@@UEAAPEAXI@Z 0000000140004a90 f i WavFile.obj
 0001:00003a90       ??_Efailure@ios_base@std@@UEAAPEAXI@Z 0000000140004a90 f i WavFile.obj
 0001:00003a90       ??_Esystem_error@std@@UEAAPEAXI@Z 0000000140004a90 f i WavFile.obj
 0001:00003a90       ??_Gsystem_error@std@@UEAAPEAXI@Z 0000000140004a90 f i WavFile.obj
 0001:00003a90       ??_E_System_error@std@@UEAAPEAXI@Z 0000000140004a90 f i WavFile.obj
 0001:00003ae0       ??_Gios_base@std@@UEAAPEAXI@Z 0000000140004ae0 f i WavFile.obj
 0001:00003ae0       ??_Eios_base@std@@UEAAPEAXI@Z 0000000140004ae0 f i WavFile.obj
 0001:00003b20       ?_Decref@facet@locale@std@@UEAAPEAV_Facet_base@3@XZ 0000000140004b20 f i WavFile.obj
 0001:00003b30       ?_Fput@?$num_put@DV?$ostreambuf_iterator@DU?$char_traits@D@std@@@std@@@std@@AEBA?AV?$ostreambuf_iterator@DU?$char_traits@D@std@@@2@V32@AEAVios_base@2@DPEBD_K@Z 0000000140004b30 f i WavFile.obj
 0001:00004210       ?_Getcat@?$ctype@D@std@@SA_KPEAPEBVfacet@locale@2@PEBV42@@Z 0000000140005210 f i WavFile.obj
 0001:000043d0       ?_Getcat@?$num_put@DV?$ostreambuf_iterator@DU?$char_traits@D@std@@@std@@@std@@SA_KPEAPEBVfacet@locale@2@PEBV42@@Z 00000001400053d0 f i WavFile.obj
 0001:00004570       ?_Getcat@?$numpunct@D@std@@SA_KPEAPEBVfacet@locale@2@PEBV42@@Z 0000000140005570 f i WavFile.obj
 0001:00004790       ?_Gnavail@?$basic_streambuf@DU?$char_traits@D@std@@@std@@IEBA_JXZ 0000000140005790 f i WavFile.obj
 0001:000047b0       ?_Incref@facet@locale@std@@UEAAXXZ 00000001400057b0 f i WavFile.obj
 0001:000047c0       ?_Iput@?$num_put@DV?$ostreambuf_iterator@DU?$char_traits@D@std@@@std@@@std@@AEBA?AV?$ostreambuf_iterator@DU?$char_traits@D@std@@@2@V32@AEAVios_base@2@DPEAD_K@Z 00000001400057c0 f i WavFile.obj
 0001:00004e30       ?_Lock@?$basic_streambuf@DU?$char_traits@D@std@@@std@@UEAAXXZ 0000000140005e30 f i WavFile.obj
 0001:00004e30       ?_Unlock@?$basic_streambuf@DU?$char_traits@D@std@@@std@@UEAAXXZ 0000000140005e30 f i WavFile.obj
 0001:00004e30       _initialize_denormal_control 0000000140005e30 f i LIBCMT:denormal_control.obj
 0001:00004e30       ?imbue@?$basic_streambuf@DU?$char_traits@D@std@@@std@@MEAAXAEBVlocale@2@@Z 0000000140005e30 f i WavFile.obj
 0001:00004e30       ?clearCrossCorrState@TDStretch@soundtouch@@MEAAXXZ 0000000140005e30 f i SoundTouch_x64:TDStretch.obj
 0001:00004e30       _initialize_invalid_parameter_handler 0000000140005e30 f i LIBCMT:invalid_parameter_handler.obj
 0001:00004e30       _guard_check_icall_nop     0000000140005e30 f i LIBCMT:guard_support.obj
 0001:00004e40       ?_Osfx@?$basic_ostream@DU?$char_traits@D@std@@@std@@QEAAXXZ 0000000140005e40 f i WavFile.obj
 0001:00004ef0       ?_Pnavail@?$basic_streambuf@DU?$char_traits@D@std@@@std@@IEBA_JXZ 0000000140005ef0 f i WavFile.obj
 0001:00004f10       ?_Rep@?$num_put@DV?$ostreambuf_iterator@DU?$char_traits@D@std@@@std@@@std@@AEBA?AV?$ostreambuf_iterator@DU?$char_traits@D@std@@@2@V32@D_K@Z 0000000140005f10 f i WavFile.obj
 0001:00004fc0       ?_Throw_bad_cast@std@@YAXXZ 0000000140005fc0 f i WavFile.obj
 0001:00004fe0       ?allocate@?$allocator@D@std@@QEAAPEAD_K@Z 0000000140005fe0 f i WavFile.obj
 0001:00005040       ?clear@ios_base@std@@QEAAXH@Z 0000000140006040 f i WavFile.obj
 0001:000050c0       ?deallocate@?$allocator@D@std@@QEAAXQEAD_K@Z 00000001400060c0 f i WavFile.obj
 0001:00005100       ?default_error_condition@error_category@std@@UEBA?AVerror_condition@2@H@Z 0000000140006100 f i WavFile.obj
 0001:00005110       ?do_decimal_point@?$numpunct@D@std@@MEBADXZ 0000000140006110 f i WavFile.obj
 0001:00005120       ?do_falsename@?$numpunct@D@std@@MEBA?AV?$basic_string@DU?$char_traits@D@std@@V?$allocator@D@2@@2@XZ 0000000140006120 f i WavFile.obj
 0001:00005170       ?do_grouping@?$numpunct@D@std@@MEBA?AV?$basic_string@DU?$char_traits@D@std@@V?$allocator@D@2@@2@XZ 0000000140006170 f i WavFile.obj
 0001:000051c0       ?do_widen@?$ctype@D@std@@MEBADD@Z 00000001400061c0 f i WavFile.obj
 0001:000051c0       ?do_narrow@?$ctype@D@std@@MEBADDD@Z 00000001400061c0 f i WavFile.obj
 0001:000051d0       ?do_narrow@?$ctype@D@std@@MEBAPEBDPEBD0DPEAD@Z 00000001400061d0 f i WavFile.obj
 0001:000051f0       ?do_put@?$num_put@DV?$ostreambuf_iterator@DU?$char_traits@D@std@@@std@@@std@@MEBA?AV?$ostreambuf_iterator@DU?$char_traits@D@std@@@2@V32@AEAVios_base@2@DJ@Z 00000001400061f0 f i WavFile.obj
 0001:00005310       ?do_put@?$num_put@DV?$ostreambuf_iterator@DU?$char_traits@D@std@@@std@@@std@@MEBA?AV?$ostreambuf_iterator@DU?$char_traits@D@std@@@2@V32@AEAVios_base@2@DK@Z 0000000140006310 f i WavFile.obj
 0001:00005430       ?do_put@?$num_put@DV?$ostreambuf_iterator@DU?$char_traits@D@std@@@std@@@std@@MEBA?AV?$ostreambuf_iterator@DU?$char_traits@D@std@@@2@V32@AEAVios_base@2@DN@Z 0000000140006430 f i WavFile.obj
 0001:000056e0       ?do_put@?$num_put@DV?$ostreambuf_iterator@DU?$char_traits@D@std@@@std@@@std@@MEBA?AV?$ostreambuf_iterator@DU?$char_traits@D@std@@@2@V32@AEAVios_base@2@DO@Z 00000001400066e0 f i WavFile.obj
 0001:000059a0       ?do_put@?$num_put@DV?$ostreambuf_iterator@DU?$char_traits@D@std@@@std@@@std@@MEBA?AV?$ostreambuf_iterator@DU?$char_traits@D@std@@@2@V32@AEAVios_base@2@DPEBX@Z 00000001400069a0 f i WavFile.obj
 0001:00005a40       ?do_put@?$num_put@DV?$ostreambuf_iterator@DU?$char_traits@D@std@@@std@@@std@@MEBA?AV?$ostreambuf_iterator@DU?$char_traits@D@std@@@2@V32@AEAVios_base@2@D_J@Z 0000000140006a40 f i WavFile.obj
 0001:00005b60       ?do_put@?$num_put@DV?$ostreambuf_iterator@DU?$char_traits@D@std@@@std@@@std@@MEBA?AV?$ostreambuf_iterator@DU?$char_traits@D@std@@@2@V32@AEAVios_base@2@D_K@Z 0000000140006b60 f i WavFile.obj
 0001:00005c80       ?do_put@?$num_put@DV?$ostreambuf_iterator@DU?$char_traits@D@std@@@std@@@std@@MEBA?AV?$ostreambuf_iterator@DU?$char_traits@D@std@@@2@V32@AEAVios_base@2@D_N@Z 0000000140006c80 f i WavFile.obj
 0001:00005f20       ?do_thousands_sep@?$numpunct@D@std@@MEBADXZ 0000000140006f20 f i WavFile.obj
 0001:00005f30       ?do_tolower@?$ctype@D@std@@MEBADD@Z 0000000140006f30 f i WavFile.obj
 0001:00005f40       ?do_tolower@?$ctype@D@std@@MEBAPEBDPEADPEBD@Z 0000000140006f40 f i WavFile.obj
 0001:00005f90       ?do_toupper@?$ctype@D@std@@MEBADD@Z 0000000140006f90 f i WavFile.obj
 0001:00005fa0       ?do_toupper@?$ctype@D@std@@MEBAPEBDPEADPEBD@Z 0000000140006fa0 f i WavFile.obj
 0001:00005ff0       ?do_truename@?$numpunct@D@std@@MEBA?AV?$basic_string@DU?$char_traits@D@std@@V?$allocator@D@2@@2@XZ 0000000140006ff0 f i WavFile.obj
 0001:00006040       ?do_widen@?$ctype@D@std@@MEBAPEBDPEBD0PEAD@Z 0000000140007040 f i WavFile.obj
 0001:00006060       ?eof@WavInFile@@QEBAHXZ    0000000140007060 f   WavFile.obj
 0001:00006090       ?equivalent@error_category@std@@UEBA_NAEBVerror_code@2@H@Z 0000000140007090 f i WavFile.obj
 0001:000060b0       ?equivalent@error_category@std@@UEBA_NHAEBVerror_condition@2@@Z 00000001400070b0 f i WavFile.obj
 0001:000060f0       ?getNumBits@WavInFile@@QEBAIXZ 00000001400070f0 f   WavFile.obj
 0001:00006100       ?getNumChannels@WavInFile@@QEBAIXZ 0000000140007100 f   WavFile.obj
 0001:00006110       ?getSampleRate@WavInFile@@QEBAIXZ 0000000140007110 f   WavFile.obj
 0001:00006120       ?init@WavInFile@@AEAAXXZ   0000000140007120 f   WavFile.obj
 0001:000061c0       ?make_error_code@std@@YA?AVerror_code@1@W4io_errc@1@@Z 00000001400071c0 f i WavFile.obj
 0001:00006220       ?message@_Iostream_error_category@std@@UEBA?AV?$basic_string@DU?$char_traits@D@std@@V?$allocator@D@2@@2@H@Z 0000000140007220 f i WavFile.obj
 0001:000062a0       ?name@_Iostream_error_category@std@@UEBAPEBDXZ 00000001400072a0 f i WavFile.obj
 0001:000062b0       ?underflow@?$basic_streambuf@DU?$char_traits@D@std@@@std@@MEAAHXZ 00000001400072b0 f i WavFile.obj
 0001:000062b0       ?overflow@?$basic_streambuf@DU?$char_traits@D@std@@@std@@MEAAHH@Z 00000001400072b0 f i WavFile.obj
 0001:000062b0       ?pbackfail@?$basic_streambuf@DU?$char_traits@D@std@@@std@@MEAAHH@Z 00000001400072b0 f i WavFile.obj
 0001:000062c0       ?overflow@?$basic_stringbuf@DU?$char_traits@D@std@@V?$allocator@D@2@@std@@MEAAHH@Z 00000001400072c0 f i WavFile.obj
 0001:00006480       ?pbackfail@?$basic_stringbuf@DU?$char_traits@D@std@@V?$allocator@D@2@@std@@MEAAHH@Z 0000000140007480 f i WavFile.obj
 0001:000064e0       ?read@WavInFile@@QEAAHPEAMH@Z 00000001400074e0 f   WavFile.obj
 0001:00006d50       ?readHeaderBlock@WavInFile@@AEAAHXZ 0000000140007d50 f   WavFile.obj
 0001:00006fb0       ?readWavHeaders@WavInFile@@AEAAHXZ 0000000140007fb0 f   WavFile.obj
 0001:000070a0       ?rewind@WavInFile@@QEAAXXZ 00000001400080a0 f   WavFile.obj
 0001:000070d0       ?seekoff@?$basic_streambuf@DU?$char_traits@D@std@@@std@@MEAA?AV?$fpos@U_Mbstatet@@@2@_JHH@Z 00000001400080d0 f i WavFile.obj
 0001:000070d0       ?seekpos@?$basic_streambuf@DU?$char_traits@D@std@@@std@@MEAA?AV?$fpos@U_Mbstatet@@@2@V32@H@Z 00000001400080d0 f i WavFile.obj
 0001:000070f0       ?seekoff@?$basic_stringbuf@DU?$char_traits@D@std@@V?$allocator@D@2@@std@@MEAA?AV?$fpos@U_Mbstatet@@@2@_JHH@Z 00000001400080f0 f i WavFile.obj
 0001:00007250       ?seekpos@?$basic_stringbuf@DU?$char_traits@D@std@@V?$allocator@D@2@@std@@MEAA?AV?$fpos@U_Mbstatet@@@2@V32@H@Z 0000000140008250 f i WavFile.obj
 0001:00007340       ?setbuf@?$basic_streambuf@DU?$char_traits@D@std@@@std@@MEAAPEAV12@PEAD_J@Z 0000000140008340 f i WavFile.obj
 0001:00007340       ?_Getal@?$vector@UBEAT@soundtouch@@V?$allocator@UBEAT@soundtouch@@@std@@@std@@AEAAAEAV?$allocator@UBEAT@soundtouch@@@2@XZ 0000000140008340 f i SoundTouch_x64:BPMDetect.obj
 0001:00007350       _get_startup_commit_mode   0000000140008350 f i LIBCMT:commit_mode.obj
 0001:00007350       __scrt_stub_for_initialize_mta 0000000140008350 f i LIBCMT:utility_desktop.obj
 0001:00007350       __scrt_exe_initialize_mta  0000000140008350 f i LIBCMT:utility_desktop.obj
 0001:00007350       _get_startup_thread_locale_mode 0000000140008350 f i LIBCMT:thread_locale.obj
 0001:00007350       _matherr                   0000000140008350 f i LIBCMT:matherr.obj
 0001:00007350       ?transposeMulti@InterpolateShannon@soundtouch@@MEAAHPEAMPEBMAEAH@Z 0000000140008350 f i SoundTouch_x64:InterpolateShannon.obj
 0001:00007350       __scrt_initialize_winrt    0000000140008350 f i LIBCMT:utility_desktop.obj
 0001:00007350       ?sync@?$basic_streambuf@DU?$char_traits@D@std@@@std@@MEAAHXZ 0000000140008350 f i WavFile.obj
 0001:00007350       ?showmanyc@?$basic_streambuf@DU?$char_traits@D@std@@@std@@MEAA_JXZ 0000000140008350 f i WavFile.obj
 0001:00007350       _get_startup_new_mode      0000000140008350 f i LIBCMT:new_mode.obj
 0001:00007360       ?str@?$basic_stringstream@DU?$char_traits@D@std@@V?$allocator@D@2@@std@@QEBA?AV?$basic_string@DU?$char_traits@D@std@@V?$allocator@D@2@@2@XZ 0000000140008360 f i WavFile.obj
 0001:00007400       ?uflow@?$basic_streambuf@DU?$char_traits@D@std@@@std@@MEAAHXZ 0000000140008400 f i WavFile.obj
 0001:00007440       ?underflow@?$basic_stringbuf@DU?$char_traits@D@std@@V?$allocator@D@2@@std@@MEAAHXZ 0000000140008440 f i WavFile.obj
 0001:000074b0       ?write@WavOutFile@@QEAAXPEBMH@Z 00000001400084b0 f   WavFile.obj
 0001:00007d20       ?writeHeader@WavOutFile@@AEAAXXZ 0000000140008d20 f   WavFile.obj
 0001:00007de0       ?xsgetn@?$basic_streambuf@DU?$char_traits@D@std@@@std@@MEAA_JPEAD_J@Z 0000000140008de0 f i WavFile.obj
 0001:00007e90       ?xsputn@?$basic_streambuf@DU?$char_traits@D@std@@@std@@MEAA_JPEBD_J@Z 0000000140008e90 f i WavFile.obj
 0001:00007f50       sprintf_s                  0000000140008f50 f i WavFile.obj
 0001:00007fb0       ??0SoundTouch@soundtouch@@QEAA@XZ 0000000140008fb0 f   SoundTouch_x64:SoundTouch.obj
 0001:00008050       ??1FIFOSamplePipe@soundtouch@@UEAA@XZ 0000000140009050 f i SoundTouch_x64:SoundTouch.obj
 0001:00008050       ??1FIFOProcessor@soundtouch@@MEAA@XZ 0000000140009050 f i SoundTouch_x64:SoundTouch.obj
 0001:00008060       ??1SoundTouch@soundtouch@@UEAA@XZ 0000000140009060 f   SoundTouch_x64:SoundTouch.obj
 0001:000080b0       ??_EFIFOSamplePipe@soundtouch@@UEAAPEAXI@Z 00000001400090b0 f i SoundTouch_x64:SoundTouch.obj
 0001:000080b0       ??_GFIFOSamplePipe@soundtouch@@UEAAPEAXI@Z 00000001400090b0 f i SoundTouch_x64:SoundTouch.obj
 0001:000080e0       ??_GSoundTouch@soundtouch@@UEAAPEAXI@Z 00000001400090e0 f i SoundTouch_x64:SoundTouch.obj
 0001:000080e0       ??_ESoundTouch@soundtouch@@UEAAPEAXI@Z 00000001400090e0 f i SoundTouch_x64:SoundTouch.obj
 0001:00008150       ?adjustAmountOfSamples@FIFOProcessor@soundtouch@@UEAAII@Z 0000000140009150 f i SoundTouch_x64:SoundTouch.obj
 0001:00008160       ?calcEffectiveRateAndTempo@SoundTouch@soundtouch@@AEAAXXZ 0000000140009160 f   SoundTouch_x64:SoundTouch.obj
 0001:00008260       ?clear@SoundTouch@soundtouch@@UEAAXXZ 0000000140009260 f   SoundTouch_x64:SoundTouch.obj
 0001:00008290       ?flush@SoundTouch@soundtouch@@QEAAXXZ 0000000140009290 f   SoundTouch_x64:SoundTouch.obj
 0001:00008370       ?getVersionString@SoundTouch@soundtouch@@SAPEBDXZ 0000000140009370 f   SoundTouch_x64:SoundTouch.obj
 0001:00008380       ?isEmpty@FIFOProcessor@soundtouch@@UEBAHXZ 0000000140009380 f i SoundTouch_x64:SoundTouch.obj
 0001:00008390       ?moveSamples@FIFOSamplePipe@soundtouch@@QEAAXAEAV12@@Z 0000000140009390 f i SoundTouch_x64:SoundTouch.obj
 0001:000083f0       ?numSamples@FIFOProcessor@soundtouch@@UEBAIXZ 00000001400093f0 f i SoundTouch_x64:SoundTouch.obj
 0001:00008400       ?numUnprocessedSamples@SoundTouch@soundtouch@@UEBAIXZ 0000000140009400 f   SoundTouch_x64:SoundTouch.obj
 0001:00008420       ?ptrBegin@FIFOProcessor@soundtouch@@MEAAPEAMXZ 0000000140009420 f i SoundTouch_x64:SoundTouch.obj
 0001:00008430       ?putSamples@SoundTouch@soundtouch@@UEAAXPEBMI@Z 0000000140009430 f   SoundTouch_x64:SoundTouch.obj
 0001:00008500       ?receiveSamples@FIFOProcessor@soundtouch@@UEAAII@Z 0000000140009500 f i SoundTouch_x64:SoundTouch.obj
 0001:00008510       ?receiveSamples@FIFOProcessor@soundtouch@@UEAAIPEAMI@Z 0000000140009510 f i SoundTouch_x64:SoundTouch.obj
 0001:00008520       ?receiveSamples@SoundTouch@soundtouch@@UEAAII@Z 0000000140009520 f   SoundTouch_x64:SoundTouch.obj
 0001:00008540       ?receiveSamples@SoundTouch@soundtouch@@UEAAIPEAMI@Z 0000000140009540 f   SoundTouch_x64:SoundTouch.obj
 0001:00008560       ?setChannels@SoundTouch@soundtouch@@QEAAXI@Z 0000000140009560 f   SoundTouch_x64:SoundTouch.obj
 0001:000085c0       ?setPitchSemiTones@SoundTouch@soundtouch@@QEAAXN@Z 00000001400095c0 f   SoundTouch_x64:SoundTouch.obj
 0001:000085f0       ?setRateChange@SoundTouch@soundtouch@@QEAAXN@Z 00000001400095f0 f   SoundTouch_x64:SoundTouch.obj
 0001:00008610       ?setSampleRate@SoundTouch@soundtouch@@QEAAXI@Z 0000000140009610 f   SoundTouch_x64:SoundTouch.obj
 0001:00008640       ?setSetting@SoundTouch@soundtouch@@QEAA_NHH@Z 0000000140009640 f   SoundTouch_x64:SoundTouch.obj
 0001:00008760       ?setTempoChange@SoundTouch@soundtouch@@QEAAXN@Z 0000000140009760 f   SoundTouch_x64:SoundTouch.obj
 0001:00008780       ??$_Emplace_reallocate@AEBUBEAT@soundtouch@@@?$vector@UBEAT@soundtouch@@V?$allocator@UBEAT@soundtouch@@@std@@@std@@QEAAPEAUBEAT@soundtouch@@QEAU23@AEBU23@@Z 0000000140009780 f i SoundTouch_x64:BPMDetect.obj
 0001:00008880       ??0BPMDetect@soundtouch@@QEAA@HH@Z 0000000140009880 f   SoundTouch_x64:BPMDetect.obj
 0001:00008aa0       ??1?$vector@UBEAT@soundtouch@@V?$allocator@UBEAT@soundtouch@@@std@@@std@@QEAA@XZ 0000000140009aa0 f i SoundTouch_x64:BPMDetect.obj
 0001:00008b00       ??1BPMDetect@soundtouch@@UEAA@XZ 0000000140009b00 f   SoundTouch_x64:BPMDetect.obj
 0001:00008bb0       ??_EBPMDetect@soundtouch@@UEAAPEAXI@Z 0000000140009bb0 f i SoundTouch_x64:BPMDetect.obj
 0001:00008bb0       ??_GBPMDetect@soundtouch@@UEAAPEAXI@Z 0000000140009bb0 f i SoundTouch_x64:BPMDetect.obj
 0001:00008c80       ?MAFilter@@YAXPEAMPEBMHHH@Z 0000000140009c80 f   SoundTouch_x64:BPMDetect.obj
 0001:00008e30       ?_Change_array@?$vector@UBEAT@soundtouch@@V?$allocator@UBEAT@soundtouch@@@std@@@std@@AEAAXQEAUBEAT@soundtouch@@_K1@Z 0000000140009e30 f i SoundTouch_x64:BPMDetect.obj
 0001:00008ec0       ?_Reallocate_exactly@?$vector@UBEAT@soundtouch@@V?$allocator@UBEAT@soundtouch@@@std@@@std@@AEAAX_K@Z 0000000140009ec0 f i SoundTouch_x64:BPMDetect.obj
 0001:00008f30       ?_Xlength@?$vector@UBEAT@soundtouch@@V?$allocator@UBEAT@soundtouch@@@std@@@std@@CAXXZ 0000000140009f30 f i SoundTouch_x64:BPMDetect.obj
 0001:00008f50       ?allocate@?$allocator@UBEAT@soundtouch@@@std@@QEAAPEAUBEAT@soundtouch@@_K@Z 0000000140009f50 f i SoundTouch_x64:BPMDetect.obj
 0001:00008fc0       ?deallocate@?$allocator@UBEAT@soundtouch@@@std@@QEAAXQEAUBEAT@soundtouch@@_K@Z 0000000140009fc0 f i SoundTouch_x64:BPMDetect.obj
 0001:00009010       ?getBpm@BPMDetect@soundtouch@@QEAAMXZ 000000014000a010 f   SoundTouch_x64:BPMDetect.obj
 0001:00009110       ?hamming@@YAXPEAMH@Z       000000014000a110 f   SoundTouch_x64:BPMDetect.obj
 0001:00009290       ?inputSamples@BPMDetect@soundtouch@@QEAAXPEBMH@Z 000000014000a290 f   SoundTouch_x64:BPMDetect.obj
 0001:00009480       ?removeBias@BPMDetect@soundtouch@@IEAAXXZ 000000014000a480 f   SoundTouch_x64:BPMDetect.obj
 0001:00009780       ?updateBeatPos@BPMDetect@soundtouch@@IEAAXH@Z 000000014000a780 f   SoundTouch_x64:BPMDetect.obj
 0001:00009d90       ?updateXCorr@BPMDetect@soundtouch@@IEAAXH@Z 000000014000ad90 f   SoundTouch_x64:BPMDetect.obj
 0001:0000a1a0       ??0AAFilter@soundtouch@@QEAA@I@Z 000000014000b1a0 f   SoundTouch_x64:AAFilter.obj
 0001:0000a1e0       ??1AAFilter@soundtouch@@QEAA@XZ 000000014000b1e0 f   SoundTouch_x64:AAFilter.obj
 0001:0000a200       ?calculateCoeffs@AAFilter@soundtouch@@IEAAXXZ 000000014000b200 f   SoundTouch_x64:AAFilter.obj
 0001:0000a450       ?evaluate@AAFilter@soundtouch@@QEBAIAEAVFIFOSampleBuffer@2@0@Z 000000014000b450 f   SoundTouch_x64:AAFilter.obj
 0001:0000a4f0       ?setCutoffFreq@AAFilter@soundtouch@@QEAAXN@Z 000000014000b4f0 f   SoundTouch_x64:AAFilter.obj
 0001:0000a500       ?setLength@AAFilter@soundtouch@@QEAAXI@Z 000000014000b500 f   SoundTouch_x64:AAFilter.obj
 0001:0000a510       ??0RateTransposer@soundtouch@@QEAA@XZ 000000014000b510 f   SoundTouch_x64:RateTransposer.obj
 0001:0000a620       ??0TransposerBase@soundtouch@@QEAA@XZ 000000014000b620 f   SoundTouch_x64:RateTransposer.obj
 0001:0000a650       ??1TransposerBase@soundtouch@@UEAA@XZ 000000014000b650 f   SoundTouch_x64:RateTransposer.obj
 0001:0000a660       ??_ERateTransposer@soundtouch@@UEAAPEAXI@Z 000000014000b660 f i SoundTouch_x64:RateTransposer.obj
 0001:0000a660       ??_GRateTransposer@soundtouch@@UEAAPEAXI@Z 000000014000b660 f i SoundTouch_x64:RateTransposer.obj
 0001:0000a700       ??_GTransposerBase@soundtouch@@UEAAPEAXI@Z 000000014000b700 f i SoundTouch_x64:RateTransposer.obj
 0001:0000a700       ??_ETransposerBase@soundtouch@@UEAAPEAXI@Z 000000014000b700 f i SoundTouch_x64:RateTransposer.obj
 0001:0000a730       ?clear@RateTransposer@soundtouch@@UEAAXXZ 000000014000b730 f   SoundTouch_x64:RateTransposer.obj
 0001:0000a760       ?enableAAFilter@RateTransposer@soundtouch@@QEAAX_N@Z 000000014000b760 f   SoundTouch_x64:RateTransposer.obj
 0001:0000a770       ?getAAFilter@RateTransposer@soundtouch@@QEAAPEAVAAFilter@2@XZ 000000014000b770 f   SoundTouch_x64:RateTransposer.obj
 0001:0000a780       ?isEmpty@RateTransposer@soundtouch@@UEBAHXZ 000000014000b780 f   SoundTouch_x64:RateTransposer.obj
 0001:0000a7b0       ?putSamples@RateTransposer@soundtouch@@UEAAXPEBMI@Z 000000014000b7b0 f   SoundTouch_x64:RateTransposer.obj
 0001:0000a870       ?setChannels@RateTransposer@soundtouch@@QEAAXH@Z 000000014000b870 f   SoundTouch_x64:RateTransposer.obj
 0001:0000a8f0       ?setChannels@TransposerBase@soundtouch@@UEAAXH@Z 000000014000b8f0 f   SoundTouch_x64:RateTransposer.obj
 0001:0000a900       ?setRate@RateTransposer@soundtouch@@UEAAXN@Z 000000014000b900 f   SoundTouch_x64:RateTransposer.obj
 0001:0000a950       ?setRate@TransposerBase@soundtouch@@UEAAXN@Z 000000014000b950 f   SoundTouch_x64:RateTransposer.obj
 0001:0000a960       ?transpose@TransposerBase@soundtouch@@UEAAHAEAVFIFOSampleBuffer@2@0@Z 000000014000b960 f   SoundTouch_x64:RateTransposer.obj
 0001:0000aa10       ??0TDStretch@soundtouch@@QEAA@XZ 000000014000ba10 f   SoundTouch_x64:TDStretch.obj
 0001:0000ac10       ??_GTDStretch@soundtouch@@UEAAPEAXI@Z 000000014000bc10 f i SoundTouch_x64:TDStretch.obj
 0001:0000ac10       ??_ETDStretch@soundtouch@@UEAAPEAXI@Z 000000014000bc10 f i SoundTouch_x64:TDStretch.obj
 0001:0000ac10       ??_GTDStretchSSE@soundtouch@@UEAAPEAXI@Z 000000014000bc10 f i SoundTouch_x64:TDStretch.obj
 0001:0000ac10       ??_ETDStretchSSE@soundtouch@@UEAAPEAXI@Z 000000014000bc10 f i SoundTouch_x64:TDStretch.obj
 0001:0000ac80       ?calcCrossCorr@TDStretch@soundtouch@@MEAANPEBM0AEAN@Z 000000014000bc80 f   SoundTouch_x64:TDStretch.obj
 0001:0000ad90       ?calcCrossCorrAccumulate@TDStretch@soundtouch@@MEAANPEBM0AEAN@Z 000000014000bd90 f   SoundTouch_x64:TDStretch.obj
 0001:0000aed0       ?calcSeqParameters@TDStretch@soundtouch@@IEAAXXZ 000000014000bed0 f   SoundTouch_x64:TDStretch.obj
 0001:0000afb0       ?clear@TDStretch@soundtouch@@UEAAXXZ 000000014000bfb0 f   SoundTouch_x64:TDStretch.obj
 0001:0000b000       ?clearInput@TDStretch@soundtouch@@QEAAXXZ 000000014000c000 f   SoundTouch_x64:TDStretch.obj
 0001:0000b040       ?enableQuickSeek@TDStretch@soundtouch@@QEAAX_N@Z 000000014000c040 f   SoundTouch_x64:TDStretch.obj
 0001:0000b050       ?getParameters@TDStretch@soundtouch@@QEBAXPEAH000@Z 000000014000c050 f   SoundTouch_x64:TDStretch.obj
 0001:0000b090       ?newInstance@TDStretch@soundtouch@@SAPEAV12@XZ 000000014000c090 f   SoundTouch_x64:TDStretch.obj
 0001:0000b100       ?overlapMono@TDStretch@soundtouch@@MEBAXPEAMPEBM@Z 000000014000c100 f   SoundTouch_x64:TDStretch.obj
 0001:0000b180       ?overlapMulti@TDStretch@soundtouch@@MEBAXPEAMPEBM@Z 000000014000c180 f   SoundTouch_x64:TDStretch.obj
 0001:0000b220       ?overlapStereo@TDStretch@soundtouch@@MEBAXPEAMPEBM@Z 000000014000c220 f   SoundTouch_x64:TDStretch.obj
 0001:0000b2d0       ?processSamples@TDStretch@soundtouch@@IEAAXXZ 000000014000c2d0 f   SoundTouch_x64:TDStretch.obj
 0001:0000b4d0       ?putSamples@TDStretch@soundtouch@@UEAAXPEBMI@Z 000000014000c4d0 f   SoundTouch_x64:TDStretch.obj
 0001:0000b500       ?seekBestOverlapPosition@TDStretch@soundtouch@@MEAAHPEBM@Z 000000014000c500 f   SoundTouch_x64:TDStretch.obj
 0001:0000b520       ?seekBestOverlapPositionFull@TDStretch@soundtouch@@MEAAHPEBM@Z 000000014000c520 f   SoundTouch_x64:TDStretch.obj
 0001:0000b660       ?seekBestOverlapPositionQuick@TDStretch@soundtouch@@MEAAHPEBM@Z 000000014000c660 f   SoundTouch_x64:TDStretch.obj
 0001:0000b8f0       ?setChannels@TDStretch@soundtouch@@QEAAXH@Z 000000014000c8f0 f   SoundTouch_x64:TDStretch.obj
 0001:0000ba60       ?setParameters@TDStretch@soundtouch@@QEAAXHHHH@Z 000000014000ca60 f   SoundTouch_x64:TDStretch.obj
 0001:0000bbb0       ?setTempo@TDStretch@soundtouch@@QEAAXN@Z 000000014000cbb0 f   SoundTouch_x64:TDStretch.obj
 0001:0000bc10       ??0FIFOSampleBuffer@soundtouch@@QEAA@H@Z 000000014000cc10 f   SoundTouch_x64:FIFOSampleBuffer.obj
 0001:0000bd10       ??1FIFOSampleBuffer@soundtouch@@UEAA@XZ 000000014000cd10 f   SoundTouch_x64:FIFOSampleBuffer.obj
 0001:0000bd50       ??_GFIFOSampleBuffer@soundtouch@@UEAAPEAXI@Z 000000014000cd50 f i SoundTouch_x64:FIFOSampleBuffer.obj
 0001:0000bd50       ??_EFIFOSampleBuffer@soundtouch@@UEAAPEAXI@Z 000000014000cd50 f i SoundTouch_x64:FIFOSampleBuffer.obj
 0001:0000bdb0       ?adjustAmountOfSamples@FIFOSampleBuffer@soundtouch@@UEAAII@Z 000000014000cdb0 f   SoundTouch_x64:FIFOSampleBuffer.obj
 0001:0000bdc0       ?clear@FIFOSampleBuffer@soundtouch@@UEAAXXZ 000000014000cdc0 f   SoundTouch_x64:FIFOSampleBuffer.obj
 0001:0000bdd0       ?ensureCapacity@FIFOSampleBuffer@soundtouch@@AEAAXI@Z 000000014000cdd0 f   SoundTouch_x64:FIFOSampleBuffer.obj
 0001:0000bf10       ?isEmpty@FIFOSampleBuffer@soundtouch@@UEBAHXZ 000000014000cf10 f   SoundTouch_x64:FIFOSampleBuffer.obj
 0001:0000bf20       ?numSamples@FIFOSampleBuffer@soundtouch@@UEBAIXZ 000000014000cf20 f   SoundTouch_x64:FIFOSampleBuffer.obj
 0001:0000bf30       ?ptrBegin@FIFOSampleBuffer@soundtouch@@UEAAPEAMXZ 000000014000cf30 f   SoundTouch_x64:FIFOSampleBuffer.obj
 0001:0000bf40       ?ptrEnd@FIFOSampleBuffer@soundtouch@@QEAAPEAMI@Z 000000014000cf40 f   SoundTouch_x64:FIFOSampleBuffer.obj
 0001:0000bf70       ?putSamples@FIFOSampleBuffer@soundtouch@@UEAAXI@Z 000000014000cf70 f   SoundTouch_x64:FIFOSampleBuffer.obj
 0001:0000bfa0       ?putSamples@FIFOSampleBuffer@soundtouch@@UEAAXPEBMI@Z 000000014000cfa0 f   SoundTouch_x64:FIFOSampleBuffer.obj
 0001:0000c000       ?receiveSamples@FIFOSampleBuffer@soundtouch@@UEAAII@Z 000000014000d000 f   SoundTouch_x64:FIFOSampleBuffer.obj
 0001:0000c020       ?receiveSamples@FIFOSampleBuffer@soundtouch@@UEAAIPEAMI@Z 000000014000d020 f   SoundTouch_x64:FIFOSampleBuffer.obj
 0001:0000c090       ?setChannels@FIFOSampleBuffer@soundtouch@@QEAAXH@Z 000000014000d090 f   SoundTouch_x64:FIFOSampleBuffer.obj
 0001:0000c0e0       ??0PeakFinder@soundtouch@@QEAA@XZ 000000014000d0e0 f   SoundTouch_x64:PeakFinder.obj
 0001:0000c0f0       ?calcMassCenter@PeakFinder@soundtouch@@IEBANPEBMHH@Z 000000014000d0f0 f   SoundTouch_x64:PeakFinder.obj
 0001:0000c2d0       ?detectPeak@PeakFinder@soundtouch@@QEAANPEBMHH@Z 000000014000d2d0 f   SoundTouch_x64:PeakFinder.obj
 0001:0000c600       ?findGround@PeakFinder@soundtouch@@IEBAHPEBMHH@Z 000000014000d600 f   SoundTouch_x64:PeakFinder.obj
 0001:0000c6b0       ?getPeakCenter@PeakFinder@soundtouch@@IEBANPEBMH@Z 000000014000d6b0 f   SoundTouch_x64:PeakFinder.obj
 0001:0000c7d0       ??0FIRFilter@soundtouch@@QEAA@XZ 000000014000d7d0 f   SoundTouch_x64:FIRFilter.obj
 0001:0000c7f0       ??1FIRFilter@soundtouch@@UEAA@XZ 000000014000d7f0 f   SoundTouch_x64:FIRFilter.obj
 0001:0000c810       ??_GFIRFilter@soundtouch@@UEAAPEAXI@Z 000000014000d810 f i SoundTouch_x64:FIRFilter.obj
 0001:0000c810       ??_EFIRFilter@soundtouch@@UEAAPEAXI@Z 000000014000d810 f i SoundTouch_x64:FIRFilter.obj
 0001:0000c860       ?evaluate@FIRFilter@soundtouch@@QEAAIPEAMPEBMII@Z 000000014000d860 f   SoundTouch_x64:FIRFilter.obj
 0001:0000c890       ?evaluateFilterMono@FIRFilter@soundtouch@@MEBAIPEAMPEBMI@Z 000000014000d890 f   SoundTouch_x64:FIRFilter.obj
 0001:0000c9a0       ?evaluateFilterMulti@FIRFilter@soundtouch@@MEAAIPEAMPEBMII@Z 000000014000d9a0 f   SoundTouch_x64:FIRFilter.obj
 0001:0000cd80       ?evaluateFilterStereo@FIRFilter@soundtouch@@MEBAIPEAMPEBMI@Z 000000014000dd80 f   SoundTouch_x64:FIRFilter.obj
 0001:0000cf30       ?newInstance@FIRFilter@soundtouch@@SAPEAV12@XZ 000000014000df30 f   SoundTouch_x64:FIRFilter.obj
 0001:0000cfa0       ?setCoefficients@FIRFilter@soundtouch@@UEAAXPEBMII@Z 000000014000dfa0 f   SoundTouch_x64:FIRFilter.obj
 0001:0000d060       ??0InterpolateLinearFloat@soundtouch@@QEAA@XZ 000000014000e060 f   SoundTouch_x64:InterpolateLinear.obj
 0001:0000d0a0       ??_EInterpolateShannon@soundtouch@@UEAAPEAXI@Z 000000014000e0a0 f i SoundTouch_x64:InterpolateShannon.obj
 0001:0000d0a0       ??_GInterpolateLinearFloat@soundtouch@@UEAAPEAXI@Z 000000014000e0a0 f i SoundTouch_x64:InterpolateLinear.obj
 0001:0000d0a0       ??_GInterpolateShannon@soundtouch@@UEAAPEAXI@Z 000000014000e0a0 f i SoundTouch_x64:InterpolateShannon.obj
 0001:0000d0a0       ??_EInterpolateCubic@soundtouch@@UEAAPEAXI@Z 000000014000e0a0 f i SoundTouch_x64:InterpolateCubic.obj
 0001:0000d0a0       ??_EInterpolateLinearFloat@soundtouch@@UEAAPEAXI@Z 000000014000e0a0 f i SoundTouch_x64:InterpolateLinear.obj
 0001:0000d0a0       ??_GInterpolateCubic@soundtouch@@UEAAPEAXI@Z 000000014000e0a0 f i SoundTouch_x64:InterpolateCubic.obj
 0001:0000d0e0       ?resetRegisters@InterpolateShannon@soundtouch@@MEAAXXZ 000000014000e0e0 f   SoundTouch_x64:InterpolateShannon.obj
 0001:0000d0e0       ?resetRegisters@InterpolateLinearFloat@soundtouch@@MEAAXXZ 000000014000e0e0 f   SoundTouch_x64:InterpolateLinear.obj
 0001:0000d0e0       ?resetRegisters@InterpolateCubic@soundtouch@@MEAAXXZ 000000014000e0e0 f   SoundTouch_x64:InterpolateCubic.obj
 0001:0000d0f0       ?transposeMono@InterpolateLinearFloat@soundtouch@@MEAAHPEAMPEBMAEAH@Z 000000014000e0f0 f   SoundTouch_x64:InterpolateLinear.obj
 0001:0000d1a0       ?transposeMulti@InterpolateLinearFloat@soundtouch@@MEAAHPEAMPEBMAEAH@Z 000000014000e1a0 f   SoundTouch_x64:InterpolateLinear.obj
 0001:0000d2a0       ?transposeStereo@InterpolateLinearFloat@soundtouch@@MEAAHPEAMPEBMAEAH@Z 000000014000e2a0 f   SoundTouch_x64:InterpolateLinear.obj
 0001:0000d390       ??0InterpolateCubic@soundtouch@@QEAA@XZ 000000014000e390 f   SoundTouch_x64:InterpolateCubic.obj
 0001:0000d3c0       ?transposeMono@InterpolateCubic@soundtouch@@MEAAHPEAMPEBMAEAH@Z 000000014000e3c0 f   SoundTouch_x64:InterpolateCubic.obj
 0001:0000d530       ?transposeMulti@InterpolateCubic@soundtouch@@MEAAHPEAMPEBMAEAH@Z 000000014000e530 f   SoundTouch_x64:InterpolateCubic.obj
 0001:0000d720       ?transposeStereo@InterpolateCubic@soundtouch@@MEAAHPEAMPEBMAEAH@Z 000000014000e720 f   SoundTouch_x64:InterpolateCubic.obj
 0001:0000d8c0       ??0InterpolateShannon@soundtouch@@QEAA@XZ 000000014000e8c0 f   SoundTouch_x64:InterpolateShannon.obj
 0001:0000d8f0       ?transposeMono@InterpolateShannon@soundtouch@@MEAAHPEAMPEBMAEAH@Z 000000014000e8f0 f   SoundTouch_x64:InterpolateShannon.obj
 0001:0000dc40       ?transposeStereo@InterpolateShannon@soundtouch@@MEAAHPEAMPEBMAEAH@Z 000000014000ec40 f   SoundTouch_x64:InterpolateShannon.obj
 0001:0000e020       ?detectCPUextensions@@YAIXZ 000000014000f020 f   SoundTouch_x64:cpu_detect_x86.obj
 0001:0000e030       ??0FIRFilterSSE@soundtouch@@QEAA@XZ 000000014000f030 f   SoundTouch_x64:sse_optimized.obj
 0001:0000e060       ??_GFIRFilterSSE@soundtouch@@UEAAPEAXI@Z 000000014000f060 f i SoundTouch_x64:sse_optimized.obj
 0001:0000e060       ??_EFIRFilterSSE@soundtouch@@UEAAPEAXI@Z 000000014000f060 f i SoundTouch_x64:sse_optimized.obj
 0001:0000e0c0       ?calcCrossCorr@TDStretchSSE@soundtouch@@MEAANPEBM0AEAN@Z 000000014000f0c0 f   SoundTouch_x64:sse_optimized.obj
 0001:0000e200       ?calcCrossCorrAccumulate@TDStretchSSE@soundtouch@@MEAANPEBM0AEAN@Z 000000014000f200 f   SoundTouch_x64:sse_optimized.obj
 0001:0000e210       ?evaluateFilterStereo@FIRFilterSSE@soundtouch@@MEBAIPEAMPEBMI@Z 000000014000f210 f   SoundTouch_x64:sse_optimized.obj
 0001:0000e340       ?setCoefficients@FIRFilterSSE@soundtouch@@UEAAXPEBMII@Z 000000014000f340 f   SoundTouch_x64:sse_optimized.obj
 0001:0000e4ec       ??0bad_alloc@std@@QEAA@XZ  000000014000f4ec f i libcpmt:xthrow.obj
 0001:0000e50c       ??0length_error@std@@QEAA@AEBV01@@Z 000000014000f50c f i libcpmt:xthrow.obj
 0001:0000e548       ??0length_error@std@@QEAA@PEBD@Z 000000014000f548 f i libcpmt:xthrow.obj
 0001:0000e590       ??0logic_error@std@@QEAA@AEBV01@@Z 000000014000f590 f i libcpmt:xthrow.obj
 0001:0000e5cc       ??0out_of_range@std@@QEAA@AEBV01@@Z 000000014000f5cc f i libcpmt:xthrow.obj
 0001:0000e608       ??0out_of_range@std@@QEAA@PEBD@Z 000000014000f608 f i libcpmt:xthrow.obj
 0001:0000e650       ?_Xbad_alloc@std@@YAXXZ    000000014000f650 f   libcpmt:xthrow.obj
 0001:0000e650       ?__scrt_throw_std_bad_alloc@@YAXXZ 000000014000f650 f   LIBCMT:throw_bad_alloc.obj
 0001:0000e670       ?_Xlength_error@std@@YAXPEBD@Z 000000014000f670 f   libcpmt:xthrow.obj
 0001:0000e694       ?_Xout_of_range@std@@YAXPEBD@Z 000000014000f694 f   libcpmt:xthrow.obj
 0001:0000e6b8       ?_Xruntime_error@std@@YAXPEBD@Z 000000014000f6b8 f   libcpmt:xthrow.obj
 0001:0000e6dc       ??0_Init_locks@std@@QEAA@XZ 000000014000f6dc f   libcpmt:xlock.obj
 0001:0000e720       ??0_Lockit@std@@QEAA@H@Z   000000014000f720 f   libcpmt:xlock.obj
 0001:0000e75c       ??1_Init_locks@std@@QEAA@XZ 000000014000f75c f   libcpmt:xlock.obj
 0001:0000e798       ??1_Lockit@std@@QEAA@XZ    000000014000f798 f   libcpmt:xlock.obj
 0001:0000e7cc       ?uncaught_exception@std@@YA_NXZ 000000014000f7cc f   libcpmt:uncaught_exception.obj
 0001:0000e7d4       ?_Execute_once@std@@YAHAEAUonce_flag@1@P6AHPEAX1PEAPEAX@Z1@Z 000000014000f7d4 f   libcpmt:xonce.obj
 0001:0000e7dc       ?_Syserror_map@std@@YAPEBDH@Z 000000014000f7dc f   libcpmt:syserror.obj
 0001:0000e804       ??4?$_Yarn@D@std@@QEAAAEAV01@PEBD@Z 000000014000f804 f i libcpmt:locale0.obj
 0001:0000e87c       ??_E_Locimp@locale@std@@MEAAPEAXI@Z 000000014000f87c f i libcpmt:locale0.obj
 0001:0000e87c       ??_G_Locimp@locale@std@@MEAAPEAXI@Z 000000014000f87c f i libcpmt:locale0.obj
 0001:0000e8d8       ?_Facet_Register@std@@YAXPEAV_Facet_base@1@@Z 000000014000f8d8 f   libcpmt:locale0.obj
 0001:0000e910       ?_Getgloballocale@locale@std@@CAPEAV_Locimp@12@XZ 000000014000f910 f   libcpmt:locale0.obj
 0001:0000e918       ?_Init@locale@std@@CAPEAV_Locimp@12@_N@Z 000000014000f918 f   libcpmt:locale0.obj
 0001:0000e9c4       ?_Locimp_dtor@_Locimp@locale@std@@CAXPEAV123@@Z 000000014000f9c4 f   libcpmt:locale0.obj
 0001:0000ea40       ?_Locinfo_ctor@_Locinfo@std@@SAXPEAV12@PEBD@Z 000000014000fa40 f   libcpmt:locale0.obj
 0001:0000eaac       ?_Locinfo_dtor@_Locinfo@std@@SAXPEAV12@@Z 000000014000faac f   libcpmt:locale0.obj
 0001:0000eac8       ?_New_Locimp@_Locimp@locale@std@@CAPEAV123@_N@Z 000000014000fac8 f   libcpmt:locale0.obj
 0001:0000eb38       ?_Setgloballocale@locale@std@@CAXPEAX@Z 000000014000fb38 f   libcpmt:locale0.obj
 0001:0000eb6c       _Deletegloballocale        000000014000fb6c f   libcpmt:locale0.obj
 0001:0000ebdc       _Getctype                  000000014000fbdc f   libcpmt:_tolower.obj
 0001:0000ec9c       _Tolower                   000000014000fc9c f   libcpmt:_tolower.obj
 0001:0000edcc       _Getcvt                    000000014000fdcc f   libcpmt:xwctomb.obj
 0001:0000ee64       _Toupper                   000000014000fe64 f   libcpmt:_toupper.obj
 0001:0000efa4       ?_Addstd@ios_base@std@@SAXPEAV12@@Z 000000014000ffa4 f   libcpmt:ios.obj
 0001:0000f01c       ?_Ios_base_dtor@ios_base@std@@CAXPEAV12@@Z 000000014001001c f   libcpmt:ios.obj
 0001:0000f094       ?_Tidy@ios_base@std@@AEAAXXZ 0000000140010094 f i libcpmt:ios.obj
 0001:0000f120       _Mtxdst                    0000000140010120 f   libcpmt:xmtx.obj
 0001:0000f128       _Mtxinit                   0000000140010128 f   libcpmt:xmtx.obj
 0001:0000f138       _Mtxlock                   0000000140010138 f   libcpmt:xmtx.obj
 0001:0000f140       _Mtxunlock                 0000000140010140 f   libcpmt:xmtx.obj
 0001:0000f500       __crtInitOnceExecuteOnce   0000000140010500 f   libcpmt:winapisupp.obj
 0001:0000f5c8       __crtInitializeCriticalSectionEx 00000001400105c8 f   libcpmt:winapisupp.obj
 0001:0000f5f4       ?_Atexit@@YAXP6AXXZ@Z      00000001400105f4 f   libcpmt:iosptrs.obj
 0001:0000f630       __crtLCMapStringA          0000000140010630 f   libcpmt:StlLCMapStringA.obj
 0001:0000f8d8       GetTableIndexFromLocaleName 00000001400108d8 f   libcpmt:winapinls.obj
 0001:0000f968       __crtDownlevelLocaleNameToLCID 0000000140010968 f   libcpmt:winapinls.obj
 0001:0000f99c       __crtLCMapStringEx         000000014001099c f   libcpmt:winapinls.obj
 0001:0000fa30       __wcsnicmp_ascii           0000000140010a30 f   libcpmt:winapinls.obj
 0001:0000fa98       ??2@YAPEAX_K@Z             0000000140010a98 f   LIBCMT:new_scalar.obj
 0001:0000fad4       ??3@YAXPEAX_K@Z            0000000140010ad4 f   LIBCMT:delete_scalar_size.obj
 0001:0000fad4       ??_V@YAXPEAX@Z             0000000140010ad4 f   LIBCMT:delete_array.obj
 0001:0000fadc       __GSHandlerCheck           0000000140010adc f   LIBCMT:gshandler.obj
 0001:0000fafc       __GSHandlerCheckCommon     0000000140010afc f   LIBCMT:gshandler.obj
 0001:0000fb58       __GSHandlerCheck_EH4       0000000140010b58 f   LIBCMT:gshandlereh4.obj
 0001:0000fbf0       __chkstk                   0000000140010bf0 f   LIBCMT:chkstk.obj
 0001:0000fbf0       _alloca_probe              0000000140010bf0 f   LIBCMT:chkstk.obj
 0001:0000fc60       __security_check_cookie    0000000140010c60 f   LIBCMT:amdsecgs.obj
 0001:0000fc84       ??_Gtype_info@@UEAAPEAXI@Z 0000000140010c84 f i LIBCMT:std_type_info_static.obj
 0001:0000fc84       ??_Etype_info@@UEAAPEAXI@Z 0000000140010c84 f i LIBCMT:std_type_info_static.obj
 0001:0000fcb0       ??_U@YAPEAX_K@Z            0000000140010cb0 f   LIBCMT:new_array.obj
 0001:0000ff18       mainCRTStartup             0000000140010f18 f   LIBCMT:exe_main.obj
 0001:0000ff30       __vdecl_cos2               0000000140010f30 f   LIBCMT:svml_dcos2_dispatch.obj
 0001:0000ff44       __scrt_acquire_startup_lock 0000000140010f44 f   LIBCMT:utility.obj
 0001:0000ff80       __scrt_initialize_crt      0000000140010f80 f   LIBCMT:utility.obj
 0001:0000ffcc       __scrt_initialize_onexit_tables 0000000140010fcc f   LIBCMT:utility.obj
 0001:00010058       __scrt_is_nonwritable_in_current_image 0000000140011058 f   LIBCMT:utility.obj
 0001:000100f0       __scrt_release_startup_lock 00000001400110f0 f   LIBCMT:utility.obj
 0001:00010114       __scrt_uninitialize_crt    0000000140011114 f   LIBCMT:utility.obj
 0001:00010140       _onexit                    0000000140011140 f   LIBCMT:utility.obj
 0001:0001017c       atexit                     000000014001117c f   LIBCMT:utility.obj
 0001:00010194       __GSHandlerCheck_EH        0000000140011194 f   LIBCMT:gshandlereh.obj
 0001:00010214       ??3@YAXPEAX@Z              0000000140011214 f   LIBCMT:delete_scalar.obj
 0001:0001021c       __raise_securityfailure    000000014001121c f   LIBCMT:gs_report.obj
 0001:00010250       __report_gsfailure         0000000140011250 f   LIBCMT:gs_report.obj
 0001:00010324       __report_rangecheckfailure 0000000140011324 f   LIBCMT:gs_report.obj
 0001:00010338       __report_securityfailure   0000000140011338 f   LIBCMT:gs_report.obj
 0001:000104b8       __security_init_cookie     00000001400114b8 f   LIBCMT:gs_support.obj
 0001:00010564       _get_startup_argv_mode     0000000140011564 f   LIBCMT:argv_mode.obj
 0001:0001056c       _get_startup_file_mode     000000014001156c f   LIBCMT:file_mode.obj
 0001:00010574       ?__scrt_initialize_type_info@@YAXXZ 0000000140011574 f   LIBCMT:tncleanup.obj
 0001:00010584       __acrt_uninitialize_command_line 0000000140011584 f   libucrt:argv_data.obj
 0001:00010584       _should_initialize_environment 0000000140011584 f   LIBCMT:env_mode.obj
 0001:00010588       __local_stdio_scanf_options 0000000140011588 f i LIBCMT:default_local_stdio_options.obj
 0001:00010590       __scrt_initialize_default_local_stdio_options 0000000140011590 f   LIBCMT:default_local_stdio_options.obj
 0001:000105ac       __scrt_is_user_matherr_present 00000001400115ac f   LIBCMT:matherr_detection.obj
 0001:000105b8       __scrt_get_dyn_tls_init_callback 00000001400115b8 f   LIBCMT:dyn_tls_init.obj
 0001:000105c0       __scrt_get_dyn_tls_dtor_callback 00000001400115c0 f   LIBCMT:dyn_tls_dtor.obj
 0001:000105c8       __crt_debugger_hook        00000001400115c8 f   LIBCMT:utility_desktop.obj
 0001:000105d0       __scrt_fastfail            00000001400115d0 f   LIBCMT:utility_desktop.obj
 0001:0001071c       __scrt_initialize_mta      000000014001171c f   LIBCMT:utility_desktop.obj
 0001:00010724       __scrt_is_managed_app      0000000140011724 f   LIBCMT:utility_desktop.obj
 0001:00010778       __scrt_set_unhandled_exception_filter 0000000140011778 f   LIBCMT:utility_desktop.obj
 0001:00010788       __scrt_unhandled_exception_filter 0000000140011788 f   LIBCMT:utility_desktop.obj
 0001:000107e4       _RTC_Initialize            00000001400117e4 f   LIBCMT:initsect.obj
 0001:00010820       _RTC_Terminate             0000000140011820 f   LIBCMT:initsect.obj
 0001:0001085c       __isa_available_init       000000014001185c f   LIBCMT:cpu_disp.obj
 0001:00010a00       __sse2_cos2@@16            0000000140011a00 f   LIBCMT:svml_dcos2_sse2.obj
 0001:000110b0       __sse4_cos2@@16            00000001400120b0 f   LIBCMT:svml_dcos2_sse4.obj
 0001:00011754       __scrt_is_ucrt_dll_in_use  0000000140012754 f   LIBCMT:ucrt_detection.obj
 0001:00011760       __common_dcos_cout_rare    0000000140012760 f   LIBCMT:svml_d_cos_cout.obj
 0001:000117d0       ??$_CallSETranslator@V__FrameHandler3@@@@YAHPEAUEHExceptionRecord@@PEA_KPEAU_CONTEXT@@PEAU_xDISPATCHER_CONTEXT@@PEBU_s_FuncInfo@@K1@Z 00000001400127d0 f i libvcruntime:risctrnsctrl.obj
 0001:00011824       ??$_CallSETranslator@V__FrameHandler4@@@@YAHPEAUEHExceptionRecord@@PEA_KPEAU_CONTEXT@@PEAU_xDISPATCHER_CONTEXT@@PEAUFuncInfo4@FH4@@K1@Z 0000000140012824 f i libvcruntime:risctrnsctrl.obj
 0001:00011878       ?CatchTryBlock@__FrameHandler3@@SAPEBU_s_TryBlockMapEntry@@PEBU_s_FuncInfo@@H@Z 0000000140012878 f   libvcruntime:risctrnsctrl.obj
 0001:000118cc       ?DecompFuncInfo@FH4@@YA_JPEAEAEAUFuncInfo4@1@_KH_N@Z 00000001400128cc f i libvcruntime:risctrnsctrl.obj
 0001:000119f0       ?ExecutionInCatch@__FrameHandler3@@SA_NPEAU_xDISPATCHER_CONTEXT@@PEBU_s_FuncInfo@@@Z 00000001400129f0 f   libvcruntime:risctrnsctrl.obj
 0001:00011a1c       ?ExecutionInCatch@__FrameHandler4@@SA_NPEAU_xDISPATCHER_CONTEXT@@PEAUFuncInfo4@FH4@@@Z 0000000140012a1c f   libvcruntime:risctrnsctrl.obj
 0001:00011a24       ?FrameUnwindToEmptyState@__FrameHandler3@@SAXPEA_KPEAU_xDISPATCHER_CONTEXT@@PEBU_s_FuncInfo@@@Z 0000000140012a24 f   libvcruntime:risctrnsctrl.obj
 0001:00011a88       ?FrameUnwindToEmptyState@__FrameHandler4@@SAXPEA_KPEAU_xDISPATCHER_CONTEXT@@PEAUFuncInfo4@FH4@@@Z 0000000140012a88 f   libvcruntime:risctrnsctrl.obj
 0001:00011abc       ?GetEstablisherFrame@__FrameHandler3@@SAPEA_KPEA_KPEAU_xDISPATCHER_CONTEXT@@PEBU_s_FuncInfo@@0@Z 0000000140012abc f   libvcruntime:risctrnsctrl.obj
 0001:00011b88       ?GetEstablisherFrame@__FrameHandler4@@SAPEA_KPEA_KPEAU_xDISPATCHER_CONTEXT@@PEAUFuncInfo4@FH4@@0@Z 0000000140012b88 f   libvcruntime:risctrnsctrl.obj
 0001:00011bac       ?GetRangeOfTrysToCheck@__FrameHandler3@@SA?AU?$pair@Viterator@TryBlockMap@__FrameHandler3@@V123@@std@@AEAVTryBlockMap@1@HPEAU_xDISPATCHER_CONTEXT@@PEBU_s_FuncInfo@@H@Z 0000000140012bac f   libvcruntime:risctrnsctrl.obj
 0001:00011cec       ?GetRangeOfTrysToCheck@__FrameHandler4@@SA?AU?$pair@Viterator@TryBlockMap4@FH4@@V123@@std@@AEAVTryBlockMap4@FH4@@HPEAU_xDISPATCHER_CONTEXT@@PEAUFuncInfo4@5@H@Z 0000000140012cec f   libvcruntime:risctrnsctrl.obj
 0001:00011e44       ?UnwindNestedFrames@__FrameHandler3@@SAXPEA_KPEAUEHExceptionRecord@@PEAU_CONTEXT@@0PEAXPEBU_s_FuncInfo@@HHPEBU_s_HandlerType@@PEAU_xDISPATCHER_CONTEXT@@E@Z 0000000140012e44 f   libvcruntime:risctrnsctrl.obj
 0001:00011f48       ?UnwindNestedFrames@__FrameHandler4@@SAXPEA_KPEAUEHExceptionRecord@@PEAU_CONTEXT@@0PEAXPEAUFuncInfo4@FH4@@HHPEAUHandlerType4@5@PEAU_xDISPATCHER_CONTEXT@@E@Z 0000000140012f48 f   libvcruntime:risctrnsctrl.obj
 0001:00012088       ?setBuffer@TryBlockMap4@FH4@@QEAAXViterator@12@@Z 0000000140013088 f i libvcruntime:risctrnsctrl.obj
 0001:0001224c       _CreateFrameInfo           000000014001324c f   libvcruntime:risctrnsctrl.obj
 0001:00012288       _FindAndUnlinkFrame        0000000140013288 f   libvcruntime:risctrnsctrl.obj
 0001:000122dc       _GetImageBase              00000001400132dc f   libvcruntime:risctrnsctrl.obj
 0001:000122f0       _GetThrowImageBase         00000001400132f0 f   libvcruntime:risctrnsctrl.obj
 0001:00012304       _SetImageBase              0000000140013304 f   libvcruntime:risctrnsctrl.obj
 0001:0001231c       _SetThrowImageBase         000000014001331c f   libvcruntime:risctrnsctrl.obj
 0001:00012334       __CxxFrameHandler3         0000000140013334 f   libvcruntime:risctrnsctrl.obj
 0001:000123bc       __CxxFrameHandler4         00000001400133bc f   libvcruntime:risctrnsctrl.obj
 0001:0001247c       __std_exception_copy       000000014001347c f   libvcruntime:std_exception.obj
 0001:0001250c       __std_exception_destroy    000000014001350c f   libvcruntime:std_exception.obj
 0001:00012534       _CxxThrowException         0000000140013534 f   libvcruntime:throw.obj
 0001:000125f0       memchr                     00000001400135f0 f   libvcruntime:memchr.obj
 0001:00012670       memcpy_repmovs             0000000140013670 f   libvcruntime:memcpy.obj
 0001:00012690       memmove                    0000000140013690 f   libvcruntime:memcpy.obj
 0001:00012690       memcpy                     0000000140013690 f   libvcruntime:memcpy.obj
 0001:00012a68       _get_purecall_handler      0000000140013a68 f   libvcruntime:purevirt.obj
 0001:00012a70       _purecall                  0000000140013a70 f   libvcruntime:purevirt.obj
 0001:00012a8c       __DestructExceptionObject  0000000140013a8c f   libvcruntime:ehhelpers.obj
 0001:00012afc       ?_CallMemberFunction0@@YAXQEAX0@Z 0000000140013afc f i libvcruntime:ehhelpers.obj
 0001:00012b00       _IsExceptionObjectToBeDestroyed 0000000140013b00 f   libvcruntime:ehhelpers.obj
 0001:00012b30       __AdjustPointer            0000000140013b30 f   libvcruntime:ehhelpers.obj
 0001:00012b54       __FrameUnwindFilter        0000000140013b54 f   libvcruntime:ehhelpers.obj
 0001:00012bbc       __current_exception        0000000140013bbc f   libvcruntime:ehhelpers.obj
 0001:00012bd0       __current_exception_context 0000000140013bd0 f   libvcruntime:ehhelpers.obj
 0001:00012be4       __std_terminate            0000000140013be4 f   libvcruntime:ehhelpers.obj
 0001:00012c00       memset_repmovs             0000000140013c00 f   libvcruntime:memset.obj
 0001:00012c20       memset                     0000000140013c20 f   libvcruntime:memset.obj
 0001:00012db0       __uncaught_exception       0000000140013db0 f   libvcruntime:uncaught_exception.obj
 0001:00012de0       memcmp                     0000000140013de0 f   libvcruntime:memcmp.obj
 0001:00012ea8       __C_specific_handler       0000000140013ea8 f   libvcruntime:riscchandler.obj
 0001:000130b4       __vcrt_initialize          00000001400140b4 f   libvcruntime:initialization.obj
 0001:000130dc       __vcrt_uninitialize        00000001400140dc f   libvcruntime:initialization.obj
 0001:000130f8       __std_type_info_compare    00000001400140f8 f   libvcruntime:std_type_info.obj
 0001:00013120       __vcrt_freefls             0000000140014120 f   libvcruntime:per_thread_data.obj
 0001:00013140       __vcrt_getptd              0000000140014140 f   libvcruntime:per_thread_data.obj
 0001:0001315c       __vcrt_getptd_noexit       000000014001415c f   libvcruntime:per_thread_data.obj
 0001:0001321c       __vcrt_getptd_noinit       000000014001421c f   libvcruntime:per_thread_data.obj
 0001:0001326c       __vcrt_initialize_ptd      000000014001426c f   libvcruntime:per_thread_data.obj
 0001:000132b4       __vcrt_uninitialize_ptd    00000001400142b4 f   libvcruntime:per_thread_data.obj
 0001:000132d8       ?GetCurrentState@__FrameHandler3@@SAHPEA_KPEAU_xDISPATCHER_CONTEXT@@PEBU_s_FuncInfo@@@Z 00000001400142d8 f   libvcruntime:ehstate.obj
 0001:00013300       ?GetUnwindTryBlock@__FrameHandler3@@SAHPEA_KPEAU_xDISPATCHER_CONTEXT@@PEBU_s_FuncInfo@@@Z 0000000140014300 f   libvcruntime:ehstate.obj
 0001:0001332c       ?SetState@__FrameHandler3@@SAXPEA_KPEBU_s_FuncInfo@@H@Z 000000014001432c f   libvcruntime:ehstate.obj
 0001:00013338       ?SetUnwindTryBlock@__FrameHandler3@@SAXPEA_KPEAU_xDISPATCHER_CONTEXT@@PEBU_s_FuncInfo@@H@Z 0000000140014338 f   libvcruntime:ehstate.obj
 0001:00013374       ?StateFromControlPc@__FrameHandler3@@SAHPEBU_s_FuncInfo@@PEAU_xDISPATCHER_CONTEXT@@@Z 0000000140014374 f   libvcruntime:ehstate.obj
 0001:0001337c       ?StateFromControlPc@__FrameHandler4@@SAHPEAUFuncInfo4@FH4@@PEAU_xDISPATCHER_CONTEXT@@@Z 000000014001437c f   libvcruntime:ehstate.obj
 0001:00013384       ?StateFromIp@__FrameHandler3@@SAHPEBU_s_FuncInfo@@PEAU_xDISPATCHER_CONTEXT@@_K@Z 0000000140014384 f   libvcruntime:ehstate.obj
 0001:000133ec       ?StateFromIp@__FrameHandler4@@SAHPEAUFuncInfo4@FH4@@PEAU_xDISPATCHER_CONTEXT@@_K@Z 00000001400143ec f   libvcruntime:ehstate.obj
 0001:00014b18       ??$TypeMatchHelper@V__FrameHandler3@@@@YAHPEBU_s_HandlerType@@PEBU_s_CatchableType@@PEBU_s_ThrowInfo@@@Z 0000000140015b18 f i libvcruntime:frame.obj
 0001:00014c5c       ??$TypeMatchHelper@V__FrameHandler4@@@@YAHPEAUHandlerType4@FH4@@PEBU_s_CatchableType@@PEBU_s_ThrowInfo@@@Z 0000000140015c5c f i libvcruntime:frame.obj
 0001:00014da4       ??$__InternalCxxFrameHandler@V__FrameHandler3@@@@YA?AW4_EXCEPTION_DISPOSITION@@PEAUEHExceptionRecord@@PEA_KPEAU_CONTEXT@@PEAU_xDISPATCHER_CONTEXT@@PEBU_s_FuncInfo@@H1E@Z 0000000140015da4 f i libvcruntime:frame.obj
 0001:00014fec       ??$__InternalCxxFrameHandler@V__FrameHandler4@@@@YA?AW4_EXCEPTION_DISPOSITION@@PEAUEHExceptionRecord@@PEA_KPEAU_CONTEXT@@PEAU_xDISPATCHER_CONTEXT@@PEAUFuncInfo4@FH4@@H1E@Z 0000000140015fec f i libvcruntime:frame.obj
 0001:0001528c       ??0HandlerMap4@FH4@@QEAA@PEBUTryBlockMapEntry4@1@_KH@Z 000000014001628c f i libvcruntime:frame.obj
 0001:00015308       ??0TryBlockMap4@FH4@@QEAA@PEBUFuncInfo4@1@_K@Z 0000000140016308 f i libvcruntime:frame.obj
 0001:000153e0       ??0bad_exception@std@@QEAA@AEBV01@@Z 00000001400163e0 f i libvcruntime:frame.obj
 0001:0001541c       ??0bad_exception@std@@QEAA@XZ 000000014001641c f i libvcruntime:frame.obj
 0001:0001543c       ?CxxCallCatchBlock@__FrameHandler3@@SAPEAXPEAU_EXCEPTION_RECORD@@@Z 000000014001643c f   libvcruntime:frame.obj
 0001:00015628       ?CxxCallCatchBlock@__FrameHandler4@@SAPEAXPEAU_EXCEPTION_RECORD@@@Z 0000000140016628 f   libvcruntime:frame.obj
 0001:00015878       ?DecompHandler@HandlerMap4@FH4@@AEAAXXZ 0000000140016878 f i libvcruntime:frame.obj
 0001:00015ab8       ?FrameUnwindToState@__FrameHandler3@@SAXPEA_KPEAU_xDISPATCHER_CONTEXT@@PEBU_s_FuncInfo@@H@Z 0000000140016ab8 f   libvcruntime:frame.obj
 0001:00015c44       ?FrameUnwindToState@__FrameHandler4@@SAXPEA_KPEAU_xDISPATCHER_CONTEXT@@PEAUFuncInfo4@FH4@@H@Z 0000000140016c44 f   libvcruntime:frame.obj
 0001:00015f18       ?GetHandlerSearchState@__FrameHandler3@@SAHPEA_KPEAU_xDISPATCHER_CONTEXT@@PEBU_s_FuncInfo@@@Z 0000000140016f18 f i libvcruntime:frame.obj
 0001:00016128       ?ReadEntry@UWMap4@FH4@@AEAAXPEAPEAE@Z 0000000140017128 f i libvcruntime:frame.obj
 0001:000161c8       ?_CallMemberFunction1@@YAXQEAX00@Z 00000001400171c8 f i libvcruntime:frame.obj
 0001:000161d4       ?_CallMemberFunction2@@YAXQEAX00H@Z 00000001400171d4 f i libvcruntime:frame.obj
 0001:000161e4       ?getStartStop@UWMap4@FH4@@QEAAXHHAEAViterator@12@0@Z 00000001400171e4 f i libvcruntime:frame.obj
 0001:000162b4       ?getStateFromIterators@UWMap4@FH4@@SAHAEBViterator@12@H0H0@Z 00000001400172b4 f i libvcruntime:frame.obj
 0001:00016390       _NLG_Notify                0000000140017390 f   libvcruntime:notify.obj
 0001:000163b0       __NLG_Dispatch2            00000001400173b0 f   libvcruntime:notify.obj
 0001:000163c0       __NLG_Return2              00000001400173c0 f   libvcruntime:notify.obj
 0001:000163c4       __except_validate_context_record 00000001400173c4 f   libvcruntime:jbcxrval.obj
 0001:000163fc       __vcrt_initialize_locks    00000001400173fc f   libvcruntime:locks.obj
 0001:00016430       __vcrt_uninitialize_locks  0000000140017430 f   libvcruntime:locks.obj
 0001:000165c4       __vcrt_FlsAlloc            00000001400175c4 f   libvcruntime:winapi_downlevel.obj
 0001:0001660c       __vcrt_FlsFree             000000014001760c f   libvcruntime:winapi_downlevel.obj
 0001:00016654       __vcrt_FlsGetValue         0000000140017654 f   libvcruntime:winapi_downlevel.obj
 0001:0001669c       __vcrt_FlsSetValue         000000014001769c f   libvcruntime:winapi_downlevel.obj
 0001:000166f0       __vcrt_InitializeCriticalSectionEx 00000001400176f0 f   libvcruntime:winapi_downlevel.obj
 0001:00016770       _CallSettingFrame          0000000140017770 f   libvcruntime:handlers.obj
 0001:000167c0       _CallSettingFrame_LookupContinuationIndex 00000001400177c0 f   libvcruntime:handlers.obj
 0001:000167f0       _CallSettingFrame_NotifyContinuationAddr 00000001400177f0 f   libvcruntime:handlers.obj
 0001:00016820       _CallSettingFrameEncoded   0000000140017820 f   libvcruntime:handlers.obj
 0001:00016868       __acrt_initialize_stdio    0000000140017868 f   libucrt:_file.obj
 0001:00016988       __acrt_iob_func            0000000140017988 f   libucrt:_file.obj
 0001:0001699c       __acrt_uninitialize_stdio  000000014001799c f   libucrt:_file.obj
 0001:000169f8       _lock_file                 00000001400179f8 f   libucrt:_file.obj
 0001:00016a04       _unlock_file               0000000140017a04 f   libucrt:_file.obj
 0001:00016c2c       __acrt_stdio_flush_nolock  0000000140017c2c f   libucrt:fflush.obj
 0001:00016ca8       _fflush_nolock             0000000140017ca8 f   libucrt:fflush.obj
 0001:00016cf4       _flushall                  0000000140017cf4 f   libucrt:fflush.obj
 0001:00016cfc       fflush                     0000000140017cfc f   libucrt:fflush.obj
 0001:00016d64       _fileno                    0000000140017d64 f   libucrt:fileno.obj
 0001:00016f98       ??$ensure_buffer_is_big_enough@D@formatting_buffer@__crt_stdio_output@@QEAA_N_K@Z 0000000140017f98 f i libucrt:output.obj
 0001:00017040       ??$type_case_integer_parse_into_buffer@I@?$output_processor@DV?$stream_output_adapter@D@__crt_stdio_output@@V?$standard_base@DV?$stream_output_adapter@D@__crt_stdio_output@@@2@@__crt_stdio_output@@AEAAXII_N@Z 0000000140018040 f i libucrt:output.obj
 0001:00017040       ??$type_case_integer_parse_into_buffer@I@?$output_processor@DV?$string_output_adapter@D@__crt_stdio_output@@V?$format_validation_base@DV?$string_output_adapter@D@__crt_stdio_output@@@2@@__crt_stdio_output@@AEAAXII_N@Z 0000000140018040 f i libucrt:output.obj
 0001:000170c8       ??$type_case_integer_parse_into_buffer@_K@?$output_processor@DV?$stream_output_adapter@D@__crt_stdio_output@@V?$standard_base@DV?$stream_output_adapter@D@__crt_stdio_output@@@2@@__crt_stdio_output@@AEAAX_KI_N@Z 00000001400180c8 f i libucrt:output.obj
 0001:000170c8       ??$type_case_integer_parse_into_buffer@_K@?$output_processor@DV?$string_output_adapter@D@__crt_stdio_output@@V?$format_validation_base@DV?$string_output_adapter@D@__crt_stdio_output@@@2@@__crt_stdio_output@@AEAAX_KI_N@Z 00000001400180c8 f i libucrt:output.obj
 0001:00017158       ??$write_multiple_characters@V?$stream_output_adapter@D@__crt_stdio_output@@D@__crt_stdio_output@@YAXAEBV?$stream_output_adapter@D@0@DHQEAH@Z 0000000140018158 f i libucrt:output.obj
 0001:000171e4       ??$write_multiple_characters@V?$string_output_adapter@D@__crt_stdio_output@@D@__crt_stdio_output@@YAXAEBV?$string_output_adapter@D@0@DHQEAH@Z 00000001400181e4 f i libucrt:output.obj
 0001:0001725c       ??0_LocaleUpdate@@QEAA@QEAU__crt_locale_pointers@@@Z 000000014001825c f i libucrt:output.obj
 0001:000172f8       ??1_LocaleUpdate@@QEAA@XZ  00000001400182f8 f i libucrt:output.obj
 0001:0001743c       ?crop_zeroes@__crt_stdio_output@@YAXPEADQEAU__crt_locale_pointers@@@Z 000000014001843c f i libucrt:output.obj
 0001:000174a8       ?parse_int_from_format_string@?$output_processor@DV?$stream_output_adapter@D@__crt_stdio_output@@V?$standard_base@DV?$stream_output_adapter@D@__crt_stdio_output@@@2@@__crt_stdio_output@@AEAA_NQEAH@Z 00000001400184a8 f i libucrt:output.obj
 0001:000174a8       ?parse_int_from_format_string@?$output_processor@DV?$string_output_adapter@D@__crt_stdio_output@@V?$format_validation_base@DV?$string_output_adapter@D@__crt_stdio_output@@@2@@__crt_stdio_output@@AEAA_NQEAH@Z 00000001400184a8 f i libucrt:output.obj
 0001:0001754c       ?process@?$output_processor@DV?$stream_output_adapter@D@__crt_stdio_output@@V?$standard_base@DV?$stream_output_adapter@D@__crt_stdio_output@@@2@@__crt_stdio_output@@QEAAHXZ 000000014001854c f i libucrt:output.obj
 0001:00017764       ?process@?$output_processor@DV?$string_output_adapter@D@__crt_stdio_output@@V?$format_validation_base@DV?$string_output_adapter@D@__crt_stdio_output@@@2@@__crt_stdio_output@@QEAAHXZ 0000000140018764 f i libucrt:output.obj
 0001:0001797c       ?state_case_normal@?$output_processor@DV?$stream_output_adapter@D@__crt_stdio_output@@V?$standard_base@DV?$stream_output_adapter@D@__crt_stdio_output@@@2@@__crt_stdio_output@@AEAA_NXZ 000000014001897c f i libucrt:output.obj
 0001:000179ec       ?state_case_normal@?$output_processor@DV?$string_output_adapter@D@__crt_stdio_output@@V?$format_validation_base@DV?$string_output_adapter@D@__crt_stdio_output@@@2@@__crt_stdio_output@@AEAA_NXZ 00000001400189ec f i libucrt:output.obj
 0001:00017a60       ?state_case_normal_tchar@?$output_processor@DV?$stream_output_adapter@D@__crt_stdio_output@@V?$standard_base@DV?$stream_output_adapter@D@__crt_stdio_output@@@2@@__crt_stdio_output@@AEAA_ND@Z 0000000140018a60 f i libucrt:output.obj
 0001:00017b04       ?state_case_normal_tchar@?$output_processor@DV?$string_output_adapter@D@__crt_stdio_output@@V?$format_validation_base@DV?$string_output_adapter@D@__crt_stdio_output@@@2@@__crt_stdio_output@@AEAA_ND@Z 0000000140018b04 f i libucrt:output.obj
 0001:00017bac       ?state_case_size@?$output_processor@DV?$stream_output_adapter@D@__crt_stdio_output@@V?$standard_base@DV?$stream_output_adapter@D@__crt_stdio_output@@@2@@__crt_stdio_output@@AEAA_NXZ 0000000140018bac f i libucrt:output.obj
 0001:00017d20       ?state_case_size@?$output_processor@DV?$string_output_adapter@D@__crt_stdio_output@@V?$format_validation_base@DV?$string_output_adapter@D@__crt_stdio_output@@@2@@__crt_stdio_output@@AEAA_NXZ 0000000140018d20 f i libucrt:output.obj
 0001:00017e94       ?state_case_type@?$output_processor@DV?$stream_output_adapter@D@__crt_stdio_output@@V?$standard_base@DV?$stream_output_adapter@D@__crt_stdio_output@@@2@@__crt_stdio_output@@AEAA_NXZ 0000000140018e94 f i libucrt:output.obj
 0001:00018118       ?state_case_type@?$output_processor@DV?$string_output_adapter@D@__crt_stdio_output@@V?$format_validation_base@DV?$string_output_adapter@D@__crt_stdio_output@@@2@@__crt_stdio_output@@AEAA_NXZ 0000000140019118 f i libucrt:output.obj
 0001:00018380       ?type_case_Z@?$output_processor@DV?$stream_output_adapter@D@__crt_stdio_output@@V?$standard_base@DV?$stream_output_adapter@D@__crt_stdio_output@@@2@@__crt_stdio_output@@AEAA_NXZ 0000000140019380 f i libucrt:output.obj
 0001:00018380       ?type_case_Z@?$output_processor@DV?$string_output_adapter@D@__crt_stdio_output@@V?$format_validation_base@DV?$string_output_adapter@D@__crt_stdio_output@@@2@@__crt_stdio_output@@AEAA_NXZ 0000000140019380 f i libucrt:output.obj
 0001:000183f4       ?type_case_a@?$output_processor@DV?$string_output_adapter@D@__crt_stdio_output@@V?$format_validation_base@DV?$string_output_adapter@D@__crt_stdio_output@@@2@@__crt_stdio_output@@AEAA_NXZ 00000001400193f4 f i libucrt:output.obj
 0001:000183f4       ?type_case_a@?$output_processor@DV?$stream_output_adapter@D@__crt_stdio_output@@V?$standard_base@DV?$stream_output_adapter@D@__crt_stdio_output@@@2@@__crt_stdio_output@@AEAA_NXZ 00000001400193f4 f i libucrt:output.obj
 0001:0001860c       ?type_case_c_tchar@?$output_processor@DV?$string_output_adapter@D@__crt_stdio_output@@V?$format_validation_base@DV?$string_output_adapter@D@__crt_stdio_output@@@2@@__crt_stdio_output@@AEAA_ND@Z 000000014001960c f i libucrt:output.obj
 0001:0001860c       ?type_case_c_tchar@?$output_processor@DV?$stream_output_adapter@D@__crt_stdio_output@@V?$standard_base@DV?$stream_output_adapter@D@__crt_stdio_output@@@2@@__crt_stdio_output@@AEAA_ND@Z 000000014001960c f i libucrt:output.obj
 0001:000186c8       ?type_case_integer@?$output_processor@DV?$string_output_adapter@D@__crt_stdio_output@@V?$format_validation_base@DV?$string_output_adapter@D@__crt_stdio_output@@@2@@__crt_stdio_output@@AEAA_NI_N@Z 00000001400196c8 f i libucrt:output.obj
 0001:000186c8       ?type_case_integer@?$output_processor@DV?$stream_output_adapter@D@__crt_stdio_output@@V?$standard_base@DV?$stream_output_adapter@D@__crt_stdio_output@@@2@@__crt_stdio_output@@AEAA_NI_N@Z 00000001400196c8 f i libucrt:output.obj
 0001:00018890       ?type_case_n@?$output_processor@DV?$string_output_adapter@D@__crt_stdio_output@@V?$format_validation_base@DV?$string_output_adapter@D@__crt_stdio_output@@@2@@__crt_stdio_output@@AEAA_NXZ 0000000140019890 f i libucrt:output.obj
 0001:00018890       ?type_case_n@?$output_processor@DV?$stream_output_adapter@D@__crt_stdio_output@@V?$standard_base@DV?$stream_output_adapter@D@__crt_stdio_output@@@2@@__crt_stdio_output@@AEAA_NXZ 0000000140019890 f i libucrt:output.obj
 0001:0001896c       ?type_case_s@?$output_processor@DV?$string_output_adapter@D@__crt_stdio_output@@V?$format_validation_base@DV?$string_output_adapter@D@__crt_stdio_output@@@2@@__crt_stdio_output@@AEAA_NXZ 000000014001996c f i libucrt:output.obj
 0001:0001896c       ?type_case_s@?$output_processor@DV?$stream_output_adapter@D@__crt_stdio_output@@V?$standard_base@DV?$stream_output_adapter@D@__crt_stdio_output@@@2@@__crt_stdio_output@@AEAA_NXZ 000000014001996c f i libucrt:output.obj
 0001:00018a04       ?validate_stream_is_ansi_if_required@?$__acrt_stdio_char_traits@D@@SA_NQEAU_iobuf@@@Z 0000000140019a04 f i libucrt:output.obj
 0001:00018aa0       ?write_stored_string_tchar@?$output_processor@DV?$stream_output_adapter@D@__crt_stdio_output@@V?$standard_base@DV?$stream_output_adapter@D@__crt_stdio_output@@@2@@__crt_stdio_output@@AEAA_ND@Z 0000000140019aa0 f i libucrt:output.obj
 0001:00018bc4       ?write_stored_string_tchar@?$output_processor@DV?$string_output_adapter@D@__crt_stdio_output@@V?$format_validation_base@DV?$string_output_adapter@D@__crt_stdio_output@@@2@@__crt_stdio_output@@AEAA_ND@Z 0000000140019bc4 f i libucrt:output.obj
 0001:00018c9c       ?write_string@?$string_output_adapter@D@__crt_stdio_output@@QEBAXQEBDHQEAHAEAV__crt_deferred_errno_cache@@@Z 0000000140019c9c f i libucrt:output.obj
 0001:00018d40       ?write_string_impl@?$output_adapter_common@DV?$stream_output_adapter@D@__crt_stdio_output@@@__crt_stdio_output@@IEBAXQEBDHQEAHAEAV__crt_deferred_errno_cache@@@Z 0000000140019d40 f i libucrt:output.obj
 0001:00018e38       __stdio_common_vfprintf    0000000140019e38 f   libucrt:output.obj
 0001:00018ec4       __stdio_common_vsprintf_s  0000000140019ec4 f   libucrt:output.obj
[...]
 0004:00002790       $pdata$_ctrlfp$filt$0      0000000140058790     libucrt:fpctrl.obj
 0004:0000279c       $pdata$_statfp             000000014005879c     libucrt:fpctrl.obj
 0004:000027a8       $pdata$_set_statfp         00000001400587a8     libucrt:fpctrl.obj
 0004:000027b4       $pdata$__acrt_initialize_fma3 00000001400587b4     libucrt:fma3_available.obj
 0004:000027c0       $pdata$_exp_special        00000001400587c0     libucrt:exp_special.obj
 0004:000027fc       $pdata$_sincos_special     00000001400587fc     libucrt:sincos_special.obj
 0004:00002808       $pdata$_powf_special       0000000140058808     libucrt:pow_special.obj
 0004:00002814       $pdata$_pow_special        0000000140058814     libucrt:pow_special.obj
 0004:00002820       $pdata$mbstowcs_s          0000000140058820     libucrt:mbstowcs.obj
 0004:0000282c       $pdata$_mbstowcs_s_l       000000014005882c     libucrt:mbstowcs.obj
 0004:00002838       $pdata$?_mbstowcs_l_helper@@YA_KPEA_WPEBD_KPEAU__crt_locale_pointers@@@Z 0000000140058838     libucrt:mbstowcs.obj
 0004:00002844       $pdata$_wcstombs_s_l       0000000140058844     libucrt:wcstombs.obj
 0004:00002850       $pdata$?_wcstombs_l_helper@@YA_KPEADPEB_W_KPEAU__crt_locale_pointers@@@Z 0000000140058850     libucrt:wcstombs.obj
 0004:0000285c       $pdata$__acrt_GetLocaleInfoA 000000014005885c     libucrt:getlocaleinfoa.obj
 0004:00002868       $pdata$?InternalGetLocaleInfoA@@YAHQEAU__crt_locale_pointers@@QEB_WKQEADH@Z 0000000140058868     libucrt:getlocaleinfoa.obj
 0004:00002874       $pdata$__acrt_GetStringTypeA 0000000140058874     libucrt:getstringtypea.obj
 0004:00002880       $pdata$__acrt_LCMapStringA 0000000140058880     libucrt:lcmapstringa.obj
 0004:0000288c       $pdata$?__acrt_LCMapStringA_stat@@YAHPEAU__crt_locale_pointers@@PEB_WKPEBDHPEADHHH@Z 000000014005888c     libucrt:lcmapstringa.obj
 0004:00002898       $pdata$_realloc_base       0000000140058898     libucrt:realloc_base.obj
 0004:000028a4       $pdata$__acrt_get_sigabrt_handler 00000001400588a4     libucrt:signal.obj
 0004:000028b0       $pdata$raise               00000001400588b0     libucrt:signal.obj
 0004:000028bc       $pdata$raise$fin$0         00000001400588bc     libucrt:signal.obj
 0004:000028c8       $pdata$??$?RV<lambda_450d765d439847d4c735a33c368b5fc0>@@AEAV<lambda_44731a7d0e6d81c3e6aa82d741081786>@@V<lambda_601a2a7da3b7a96e9554ac7215c4b07c>@@@?$__crt_seh_guarded_call@P6AXH@Z@@QEAAP6AXH@Z$$QEAV<lambda_450d765d439847d4c735a33c368b5fc0>@@AEAV<lambda_44731a7d0e6d81c3e6aa82d741081786>@@$$QEAV<lambda_601a2a7da3b7a96e9554ac7215c4b07c>@@@Z 00000001400588c8     libucrt:signal.obj
 0004:000028d4       $pdata$__acrt_WideCharToMultiByte 00000001400588d4     libucrt:widechartomultibyte.obj
 0004:000028e0       $pdata$_wcsicmp            00000001400588e0     libucrt:wcsicmp.obj
 0004:000028ec       $pdata$_wcsicmp_l          00000001400588ec     libucrt:wcsicmp.obj
 0004:000028f8       $pdata$_isleadbyte_l       00000001400588f8     libucrt:_wctype.obj
 0004:00002904       $pdata$wcscat_s            0000000140058904     libucrt:wcscat_s.obj
 0004:00002910       $pdata$wcsncpy_s           0000000140058910     libucrt:wcsncpy_s.obj
 0004:0000291c       $pdata$??$__acrt_wcs_to_mbs_cp@U__crt_win32_buffer_internal_dynamic_resizing@@@@YAHQEB_WAEAV?$__crt_win32_buffer@DU__crt_win32_buffer_internal_dynamic_resizing@@@@I@Z 000000014005891c     libucrt:argv_wildcards.obj
 0004:00002928       $pdata$??$common_expand_argv_wildcards@D@@YAHQEAPEADQEAPEAPEAD@Z 0000000140058928     libucrt:argv_wildcards.obj
 0004:00002934       $pdata$??$copy_and_add_argument_to_buffer@D@@YAHQEBD0_KAEAV?$argument_list@D@?A0x5f5c8891@@@Z 0000000140058934     libucrt:argv_wildcards.obj
 0004:00002940       $pdata$??$expand_argument_wildcards@D@@YAHQEAD0AEAV?$argument_list@D@?A0x5f5c8891@@@Z 0000000140058940     libucrt:argv_wildcards.obj
 0004:0000294c       $pdata$__acrt_GetModuleFileNameA 000000014005894c     libucrt:getmodulefilenamea.obj
 0004:00002958       $pdata$__acrt_update_thread_multibyte_data 0000000140058958     libucrt:mbctype.obj
 0004:00002964       $pdata$__acrt_initialize_multibyte 0000000140058964     libucrt:mbctype.obj
 0004:00002970       $pdata$_setmbcp_nolock     0000000140058970     libucrt:mbctype.obj
 0004:0000297c       $pdata$?getSystemCP@@YAHH@Z 000000014005897c     libucrt:mbctype.obj
 0004:00002988       $pdata$?setSBCS@@YAXPEAU__crt_multibyte_data@@@Z 0000000140058988     libucrt:mbctype.obj
 0004:00002994       $pdata$?update_thread_multibyte_data_internal@@YAPEAU__crt_multibyte_data@@QEAU__acrt_ptd@@QEAPEAU1@@Z 0000000140058994     libucrt:mbctype.obj
 0004:000029a0       $pdata$?fin$0@?0??update_thread_multibyte_data_internal@@YAPEAU__crt_multibyte_data@@QEAU__acrt_ptd@@QEAPEAU1@@Z@4HA 00000001400589a0     libucrt:mbctype.obj
 0004:000029ac       $pdata$?setmbcp_internal@@YAHH_NQEAU__acrt_ptd@@QEAPEAU__crt_multibyte_data@@@Z 00000001400589ac     libucrt:mbctype.obj
 0004:000029b8       $pdata$?setSBUpLow@@YAXPEAU__crt_multibyte_data@@@Z 00000001400589b8     libucrt:mbctype.obj
 0004:000029c4       $pdata$??$?RV<lambda_efdfa57d1f175319df784efa44bb7b81>@@AEAV<lambda_5f0a4c1567f8adc6734073e5d1e1b35c>@@V<lambda_2e8a7d3640ea6ccb4c2413664c2db6fd>@@@?$__crt_seh_guarded_call@X@@QEAAX$$QEAV<lambda_efdfa57d1f175319df784efa44bb7b81>@@AEAV<lambda_5f0a4c1567f8adc6734073e5d1e1b35c>@@$$QEAV<lambda_2e8a7d3640ea6ccb4c2413664c2db6fd>@@@Z 00000001400589c4     libucrt:mbctype.obj
 0004:000029d0       $pdata$?x_ismbbtype_l@@YAHPEAU__crt_locale_pointers@@IHH@Z 00000001400589d0     libucrt:ismbbyte.obj
 0004:000029dc       $pdata$__dcrt_get_narrow_environment_from_os 00000001400589dc     libucrt:get_environment_from_os.obj
 0004:000029e8       $pdata$??$common_set_variable_in_environment_nolock@D@@YAHQEADH@Z 00000001400589e8     libucrt:setenv.obj
 0004:000029f4       $pdata$??$copy_environment@D@@YAPEAPEADQEAPEAD@Z 00000001400589f4     libucrt:setenv.obj
 0004:00002a00       $pdata$__acrt_get_process_end_policy 0000000140058a00     libucrt:win_policies.obj
 0004:00002a0c       $pdata$__acrt_locale_initialize_monetary 0000000140058a0c     libucrt:initmon.obj
 0004:00002a18       $pdata$__acrt_locale_free_monetary 0000000140058a18     libucrt:initmon.obj
 0004:00002a24       $pdata$__acrt_locale_initialize_numeric 0000000140058a24     libucrt:initnum.obj
 0004:00002a30       $pdata$__acrt_locale_free_numeric 0000000140058a30     libucrt:initnum.obj
 0004:00002a3c       $pdata$__acrt_locale_initialize_time 0000000140058a3c     libucrt:inittime.obj
 0004:00002a48       $pdata$__acrt_locale_free_time 0000000140058a48     libucrt:inittime.obj
 0004:00002a54       $pdata$?initialize_lc_time@@YA_NQEAU__crt_lc_time_data@@QEAU__crt_locale_data@@@Z 0000000140058a54     libucrt:inittime.obj
 0004:00002a60       $pdata$?free_crt_array_internal@@YAXQEAPEBX_K@Z 0000000140058a60     libucrt:inittime.obj
 0004:00002a6c       $pdata$wcsncat_s           0000000140058a6c     libucrt:wcsncat_s.obj
 0004:00002a78       $pdata$__acrt_release_locale_ref 0000000140058a78     libucrt:locale_refcounting.obj
 0004:00002a84       $pdata$__acrt_free_locale  0000000140058a84     libucrt:locale_refcounting.obj
 0004:00002a90       $pdata$__acrt_locale_free_lc_time_if_unreferenced 0000000140058a90     libucrt:locale_refcounting.obj
 0004:00002a9c       $pdata$__acrt_update_thread_locale_data 0000000140058a9c     libucrt:locale_refcounting.obj
 0004:00002aa8       $pdata$__acrt_update_thread_locale_data$fin$0 0000000140058aa8     libucrt:locale_refcounting.obj
 0004:00002ab4       $pdata$_updatetlocinfoEx_nolock 0000000140058ab4     libucrt:locale_refcounting.obj
 0004:00002ac0       $pdata$__acrt_get_qualified_locale 0000000140058ac0     libucrt:get_qualified_locale.obj
 0004:00002acc       $pdata$TranslateName       0000000140058acc     libucrt:get_qualified_locale.obj
 0004:00002ad8       $pdata$GetLocaleNameFromLangCountry 0000000140058ad8     libucrt:get_qualified_locale.obj
 0004:00002ae4       $pdata$LangCountryEnumProcEx 0000000140058ae4     libucrt:get_qualified_locale.obj
 0004:00002af0       $pdata$GetLocaleNameFromLanguage 0000000140058af0     libucrt:get_qualified_locale.obj
 0004:00002afc       $pdata$LanguageEnumProcEx  0000000140058afc     libucrt:get_qualified_locale.obj
 0004:00002b08       $pdata$GetLocaleNameFromDefault 0000000140058b08     libucrt:get_qualified_locale.obj
 0004:00002b14       $pdata$ProcessCodePage     0000000140058b14     libucrt:get_qualified_locale.obj
 0004:00002b20       $pdata$TestDefaultCountry  0000000140058b20     libucrt:get_qualified_locale.obj
 0004:00002b2c       $pdata$__acrt_get_qualified_locale_downlevel 0000000140058b2c     libucrt:getqloc_downlevel.obj
 0004:00002b38       $pdata$TranslateName       0000000140058b38     libucrt:getqloc_downlevel.obj
 0004:00002b44       $pdata$GetLcidFromLangCountry 0000000140058b44     libucrt:getqloc_downlevel.obj
 0004:00002b50       $pdata$LangCountryEnumProc 0000000140058b50     libucrt:getqloc_downlevel.obj
 0004:00002b5c       $pdata$GetLcidFromLanguage 0000000140058b5c     libucrt:getqloc_downlevel.obj
 0004:00002b68       $pdata$LanguageEnumProc    0000000140058b68     libucrt:getqloc_downlevel.obj
 0004:00002b74       $pdata$CountryEnumProc     0000000140058b74     libucrt:getqloc_downlevel.obj
 0004:00002b80       $pdata$ProcessCodePage     0000000140058b80     libucrt:getqloc_downlevel.obj
 0004:00002b8c       $pdata$TestDefaultLanguage 0000000140058b8c     libucrt:getqloc_downlevel.obj
 0004:00002b98       $pdata$_recalloc_base      0000000140058b98     libucrt:recalloc.obj
 0004:00002ba4       $pdata$__acrt_initialize_heap 0000000140058ba4     libucrt:heap_handle.obj
 0004:00002bb0       $pdata$__acrt_execute_initializers 0000000140058bb0     libucrt:shared_initialization.obj
 0004:00002bbc       $pdata$__acrt_execute_uninitializers 0000000140058bbc     libucrt:shared_initialization.obj
 0004:00002bc8       $pdata$__acrt_DownlevelLocaleNameToLCID 0000000140058bc8     libucrt:lcidtoname_downlevel.obj
 0004:00002bd4       $pdata$__acrt_DownlevelLCIDToLocaleName 0000000140058bd4     libucrt:lcidtoname_downlevel.obj
 0004:00002be0       $pdata$_isatty             0000000140058be0     libucrt:isatty.obj
 0004:00002bec       $pdata$?__mbrtowc_utf8@__crt_mbstring@@YA_KPEA_WPEBD_KPEAU_Mbstatet@@@Z 0000000140058bec     libucrt:mbrtowc.obj
 0004:00002bf8       $pdata$?__mbsrtowcs_utf8@__crt_mbstring@@YA_KPEA_WPEAPEBD_KPEAU_Mbstatet@@@Z 0000000140058bf8     libucrt:mbrtowc.obj
 0004:00002c04       $pdata$_putwch_nolock      0000000140058c04     libucrt:putwch.obj
 0004:00002c10       $pdata$?__c32rtomb_utf8@__crt_mbstring@@YA_KPEAD_UPEAU_Mbstatet@@@Z 0000000140058c10     libucrt:c32rtomb.obj
 0004:00002c1c       $pdata$__acrt_fp_strflt_to_string 0000000140058c1c     libucrt:_fptostr.obj
 0004:00002c28       $pdata$__acrt_fltout       0000000140058c28     libucrt:cfout.obj
 0004:00002c34       $pdata$__acrt_fenv_set_control 0000000140058c34     libucrt:_fenvutils.obj
 0004:00002c40       $pdata$_wcsnicmp           0000000140058c40     libucrt:wcsnicmp.obj
 0004:00002c4c       $pdata$_wcsnicmp_l         0000000140058c4c     libucrt:wcsnicmp.obj
 0004:00002c58       $pdata$_strnicmp           0000000140058c58     libucrt:strnicmp.obj
 0004:00002c64       $pdata$_strnicmp_l         0000000140058c64     libucrt:strnicmp.obj
 0004:00002c70       $pdata$_sopen_s            0000000140058c70     libucrt:open.obj
 0004:00002c7c       $pdata$_sopen_nolock       0000000140058c7c     libucrt:open.obj
 0004:00002c88       $pdata$_wsopen_nolock      0000000140058c88     libucrt:open.obj
 0004:00002c94       $pdata$??$common_sopen_dispatch@D@@YAHQEBDHHHQEAHH@Z 0000000140058c94     libucrt:open.obj
 0004:00002ca0       $pdata$?fin$0@?0???$common_sopen_dispatch@D@@YAHQEBDHHHQEAHH@Z@4HA 0000000140058ca0     libucrt:open.obj
 0004:00002cac       $pdata$?decode_options@@YA?AUfile_options@?A0xa9d50aae@@HHH@Z 0000000140058cac     libucrt:open.obj
 0004:00002cb8       $pdata$?truncate_ctrl_z_if_present@@YAHH@Z 0000000140058cb8     libucrt:open.obj
 0004:00002cc4       $pdata$?configure_text_mode@@YAHHUfile_options@?A0xa9d50aae@@HAEAW4__crt_lowio_text_mode@@@Z 0000000140058cc4     libucrt:open.obj
 0004:00002cd0       $pdata$__acrt_stdio_allocate_buffer_nolock 0000000140058cd0     libucrt:_getbuf.obj
 0004:00002ce8       $pdata$_call_matherr       0000000140058ce8     libucrt:libm_error.obj
 0004:00002cf4       $pdata$_exception_enabled  0000000140058cf4     libucrt:libm_error.obj
 0004:00002d00       $pdata$_handle_errorf      0000000140058d00     libucrt:libm_error.obj
 0004:00002d0c       $pdata$_handle_error       0000000140058d0c     libucrt:libm_error.obj
 0004:00002d18       $pdata$?__wcsrtombs_utf8@__crt_mbstring@@YA_KPEADPEAPEB_W_KPEAU_Mbstatet@@@Z 0000000140058d18     libucrt:wcrtomb.obj
 0004:00002d24       $pdata$strncpy_s           0000000140058d24     libucrt:strncpy_s.obj
 0004:00002d30       $pdata$_towlower_l         0000000140058d30     libucrt:towlower.obj
 0004:00002d3c       $pdata$qsort               0000000140058d3c     libucrt:qsort.obj
 0004:00002d48       $pdata$4$qsort             0000000140058d48     libucrt:qsort.obj
 0004:00002d54       $pdata$5$qsort             0000000140058d54     libucrt:qsort.obj
 0004:00002d60       $pdata$strpbrk             0000000140058d60     libucrt:strpbrk.obj
 0004:00002d6c       $pdata$fallbackMethod      0000000140058d6c     libucrt:strpbrk.obj
 0004:00002d78       $pdata$_mbsdec_l           0000000140058d78     libucrt:mbsdec.obj
 0004:00002d84       $pdata$?initialize_multibyte@@YAHXZ 0000000140058d84     libucrt:multibyte_initializer.obj
 0004:00002d90       $pdata$_strnicoll_l        0000000140058d90     libucrt:strnicol.obj
 0004:00002d9c       $pdata$__acrt_SetEnvironmentVariableA 0000000140058d9c     libucrt:setenvironmentvariablea.obj
 0004:00002da8       $pdata$_itow_s             0000000140058da8     libucrt:xtoa.obj
 0004:00002db4       $pdata$??$common_xtox_s@K_W@@YAHKQEA_W_KI_N@Z 0000000140058db4     libucrt:xtoa.obj
 0004:00002dc0       $pdata$??$common_xtox@K_W@@YAHKQEA_W_KI_N@Z 0000000140058dc0     libucrt:xtoa.obj
 0004:00002dcc       $pdata$_msize_base         0000000140058dcc     libucrt:msize.obj
 0004:00002dd8       $pdata$?__mbrtoc32_utf8@__crt_mbstring@@YA_KPEA_UPEBD_KPEAU_Mbstatet@@@Z 0000000140058dd8     libucrt:mbrtoc32.obj
 0004:00002de4       $pdata$__dcrt_lowio_ensure_console_output_initialized 0000000140058de4     libucrt:initcon.obj
 0004:00002df0       $pdata$__dcrt_write_console 0000000140058df0     libucrt:initcon.obj
 0004:00002dfc       $pdata$__dcrt_terminate_console_output 0000000140058dfc     libucrt:initcon.obj
 0004:00002e08       $pdata$fegetenv            0000000140058e08     libucrt:fegetenv.obj
 0004:00002e14       $pdata$fesetenv            0000000140058e14     libucrt:fesetenv.obj
 0004:00002e20       $pdata$feholdexcept        0000000140058e20     libucrt:feholdexcept.obj
 0004:00002e38       $pdata$_chsize_nolock      0000000140058e38     libucrt:chsize.obj
 0004:00002e44       $pdata$?__c16rtomb_utf8@__crt_mbstring@@YA_KPEAD_SPEAU_Mbstatet@@@Z 0000000140058e44     libucrt:c16rtomb.obj
 0004:00002e50       $pdata$__acrt_LCMapStringW 0000000140058e50     libucrt:lcmapstringw.obj
 0004:00002e5c       $pdata$__acrt_CompareStringA 0000000140058e5c     libucrt:comparestringa.obj
 0004:00002e68       $pdata$?InternalCompareStringA@@YAHPEAU__crt_locale_pointers@@PEB_WKPEBDH2HH@Z 0000000140058e68     libucrt:comparestringa.obj
 0004:00002e74       $pdata$_clearfp            0000000140058e74     libucrt:ieee.obj
 0004:00002e80       $pdata$_log_special_common 0000000140058e80     libucrt:log_special.obj
 0004:00002e8c       $pdata$_log10_special      0000000140058e8c     libucrt:log_special.obj
 0004:00002e98       $pdata$_IsNonwritableInCurrentImage 0000000140058e98     LIBCMT:pesect.obj
 0004:00002ea4       $pdata$_IsNonwritableInCurrentImage$filt$0 0000000140058ea4     LIBCMT:pesect.obj
 0004:00002eb0       $pdata$__GSHandlerCheck_SEH 0000000140058eb0     LIBCMT:gshandlerseh.obj
 0005:00000000       _2il0floatpacket$26        0000000140059000     LIBCMT:svml_dcos2_sse2.obj
 0005:00000010       _2il0floatpacket$27        0000000140059010     LIBCMT:svml_dcos2_sse2.obj
 0005:00000020       _2il0floatpacket$28        0000000140059020     LIBCMT:svml_dcos2_sse2.obj
 0005:00000030       _2il0floatpacket$29        0000000140059030     LIBCMT:svml_dcos2_sse2.obj
 0005:00000040       _2il0floatpacket$30        0000000140059040     LIBCMT:svml_dcos2_sse2.obj
 0005:00000050       _2il0floatpacket$31        0000000140059050     LIBCMT:svml_dcos2_sse2.obj
 0005:00000060       _2il0floatpacket$32        0000000140059060     LIBCMT:svml_dcos2_sse2.obj
 0005:00000070       _2il0floatpacket$33        0000000140059070     LIBCMT:svml_dcos2_sse2.obj
 0005:00000080       _2il0floatpacket$34        0000000140059080     LIBCMT:svml_dcos2_sse2.obj
 0005:00000090       _2il0floatpacket$35        0000000140059090     LIBCMT:svml_dcos2_sse2.obj
 0005:000000a0       _2il0floatpacket$36        00000001400590a0     LIBCMT:svml_dcos2_sse2.obj
 0005:000000b0       _2il0floatpacket$37        00000001400590b0     LIBCMT:svml_dcos2_sse2.obj
 0005:000000c0       _2il0floatpacket$38        00000001400590c0     LIBCMT:svml_dcos2_sse2.obj
 0005:000000d0       _2il0floatpacket$39        00000001400590d0     LIBCMT:svml_dcos2_sse2.obj
 0005:000000e0       _2il0floatpacket$40        00000001400590e0     LIBCMT:svml_dcos2_sse2.obj
 0005:000000f0       _2il0floatpacket$41        00000001400590f0     LIBCMT:svml_dcos2_sse2.obj
 0005:00000100       _2il0floatpacket$42        0000000140059100     LIBCMT:svml_dcos2_sse2.obj
 0005:00000110       _2il0floatpacket$43        0000000140059110     LIBCMT:svml_dcos2_sse2.obj
 0005:00000200       _2il0floatpacket$26        0000000140059200     LIBCMT:svml_dcos2_sse4.obj
 0005:00000210       _2il0floatpacket$27        0000000140059210     LIBCMT:svml_dcos2_sse4.obj
 0005:00000220       _2il0floatpacket$28        0000000140059220     LIBCMT:svml_dcos2_sse4.obj
 0005:00000230       _2il0floatpacket$29        0000000140059230     LIBCMT:svml_dcos2_sse4.obj
 0005:00000240       _2il0floatpacket$30        0000000140059240     LIBCMT:svml_dcos2_sse4.obj
 0005:00000250       _2il0floatpacket$31        0000000140059250     LIBCMT:svml_dcos2_sse4.obj
 0005:00000260       _2il0floatpacket$32        0000000140059260     LIBCMT:svml_dcos2_sse4.obj
 0005:00000270       _2il0floatpacket$33        0000000140059270     LIBCMT:svml_dcos2_sse4.obj
 0005:00000280       _2il0floatpacket$34        0000000140059280     LIBCMT:svml_dcos2_sse4.obj
 0005:00000290       _2il0floatpacket$35        0000000140059290     LIBCMT:svml_dcos2_sse4.obj
 0005:000002a0       _2il0floatpacket$36        00000001400592a0     LIBCMT:svml_dcos2_sse4.obj
 0005:000002b0       _2il0floatpacket$37        00000001400592b0     LIBCMT:svml_dcos2_sse4.obj
 0005:000002c0       _2il0floatpacket$38        00000001400592c0     LIBCMT:svml_dcos2_sse4.obj
 0005:000002d0       _2il0floatpacket$39        00000001400592d0     LIBCMT:svml_dcos2_sse4.obj
 0005:000002e0       _2il0floatpacket$40        00000001400592e0     LIBCMT:svml_dcos2_sse4.obj
 0005:000002f0       _2il0floatpacket$41        00000001400592f0     LIBCMT:svml_dcos2_sse4.obj
 0005:00000300       _2il0floatpacket$42        0000000140059300     LIBCMT:svml_dcos2_sse4.obj
 0005:00000310       _2il0floatpacket$43        0000000140059310     LIBCMT:svml_dcos2_sse4.obj
 0005:00011100       _vmldCosHATab              000000014006a100     LIBCMT:svml_d_cos_cout.obj
 0005:00011110       MoveSmall                  000000014006a110     libvcruntime:memcpy.obj
 0005:00011160       MsetTab                    000000014006a160     libvcruntime:memset.obj
 0006:00000060       $R000000                   000000014006b060     * linker generated manifest res *
